usage: market_maker.py [-h] [-p] [--no-output] [-m] [--no-restart]
market_maker.py: error: unrecognized arguments: 7hMrKo1CbbhS58I85uaZtfz2cKUFbDIXlZEIGzCqXEMu7V8QcqjYBonrU93GfH1U
usage: market_maker.py [-h] [-p] [--no-output] [-m] [--no-restart]
market_maker.py: error: unrecognized arguments: dnB0rWq2T3XNlOHWObP6exuBVjMtI3S4BdDssUi5s4iuCgO9VK2xcpndNSfWPa3d
18
18
2
7hMrKo1CbbhS58I85uaZtfz2cKUFbDIXlZEIGzCqXEMu7V8QcqjYBonrU93GfH1U
0
1
2
1605040046736
1605040046736
0.0
18
18
2
dnB0rWq2T3XNlOHWObP6exuBVjMtI3S4BdDssUi5s4iuCgO9VK2xcpndNSfWPa3d
0
1
2
1605040046736
1605040046736
0.0
./run_bot.sh: 1: Syntax error: "(" unexpected
usage: market_maker.py [-h] [-p] [--no-output] [-m] [--no-restart]
market_maker.py: error: unrecognized arguments: dnB0rWq2T3XNlOHWObP6exuBVjMtI3S4BdDssUi5s4iuCgO9VK2xcpndNSfWPa3d
usage: market_maker.py [-h] [-p] [--no-output] [-m] [--no-restart]
market_maker.py: error: unrecognized arguments: 7hMrKo1CbbhS58I85uaZtfz2cKUFbDIXlZEIGzCqXEMu7V8QcqjYBonrU93GfH1U
18
18
2
dnB0rWq2T3XNlOHWObP6exuBVjMtI3S4BdDssUi5s4iuCgO9VK2xcpndNSfWPa3d
0
1
2
1605040244157
1605040244157
0.0
18
18
2
7hMrKo1CbbhS58I85uaZtfz2cKUFbDIXlZEIGzCqXEMu7V8QcqjYBonrU93GfH1U
0
1
2
1605040244157
1605040244157
0.0
Traceback (most recent call last):
  File "market_maker.py", line 7, in <module>
    pprint(len(pairs[key]))
NameError: name 'pprint' is not defined
Traceback (most recent call last):
  File "market_maker.py", line 7, in <module>
    pprint(len(pairs[key]))
NameError: name 'pprint' is not defined
Traceback (most recent call last):
  File "market_maker.py", line 235, in <module>
    pprint('argskey: ' + args.key)
  File "market_maker.py", line 175, in pprint
    myfile.write(datetime.datetime.utcnow().strftime( '%Y-%m-%d %H:%M:%S' ) + ', line: ' + str(inspect.currentframe().f_back.f_lineno)  + ': ' + str(string) + '\n')
AttributeError: type object 'datetime.datetime' has no attribute 'datetime'
Traceback (most recent call last):
  File "market_maker.py", line 235, in <module>
    pprint('argskey: ' + args.key)
  File "market_maker.py", line 175, in pprint
    myfile.write(datetime.datetime.utcnow().strftime( '%Y-%m-%d %H:%M:%S' ) + ', line: ' + str(inspect.currentframe().f_back.f_lineno)  + ': ' + str(string) + '\n')
AttributeError: type object 'datetime.datetime' has no attribute 'datetime'
Traceback (most recent call last):
  File "market_maker.py", line 235, in <module>
    pprint('argskey: ' + args.key)
  File "market_maker.py", line 175, in pprint
    myfile.write(datetime.utcnow().strftime( '%Y-%m-%d %H:%M:%S' ) + ', line: ' + str(inspect.currentframe().f_back.f_lineno)  + ': ' + str(string) + '\n')
NameError: name 'inspect' is not defined
Traceback (most recent call last):
  File "market_maker.py", line 235, in <module>
    pprint('argskey: ' + args.key)
  File "market_maker.py", line 175, in pprint
    myfile.write(datetime.utcnow().strftime( '%Y-%m-%d %H:%M:%S' ) + ', line: ' + str(inspect.currentframe().f_back.f_lineno)  + ': ' + str(string) + '\n')
NameError: name 'inspect' is not defined
Exception in thread Thread-1:
Traceback (most recent call last):
  File "/usr/lib/python3/dist-packages/urllib3/connectionpool.py", line 421, in _make_request
    six.raise_from(e, None)
  File "<string>", line 3, in raise_from
  File "/usr/lib/python3/dist-packages/urllib3/connectionpool.py", line 416, in _make_request
    httplib_response = conn.getresponse()
  File "/usr/lib/python3.8/http/client.py", line 1347, in getresponse
    response.begin()
  File "/usr/lib/python3.8/http/client.py", line 307, in begin
    version, status, reason = self._read_status()
  File "/usr/lib/python3.8/http/client.py", line 268, in _read_status
    line = str(self.fp.readline(_MAXLINE + 1), "iso-8859-1")
  File "/usr/lib/python3.8/socket.py", line 669, in readinto
    return self._sock.recv_into(b)
  File "/usr/lib/python3/dist-packages/urllib3/contrib/pyopenssl.py", line 326, in recv_into
    raise timeout("The read operation timed out")
socket.timeout: The read operation timed out

During handling of the above exception, another exception occurred:

Traceback (most recent call last):
  File "/usr/lib/python3/dist-packages/requests/adapters.py", line 439, in send
    resp = conn.urlopen(
  File "/usr/lib/python3/dist-packages/urllib3/connectionpool.py", line 719, in urlopen
    retries = retries.increment(
  File "/usr/lib/python3/dist-packages/urllib3/util/retry.py", line 400, in increment
    raise six.reraise(type(error), error, _stacktrace)
  File "/usr/lib/python3/dist-packages/six.py", line 703, in reraise
    raise value
  File "/usr/lib/python3/dist-packages/urllib3/connectionpool.py", line 665, in urlopen
    httplib_response = self._make_request(
  File "/usr/lib/python3/dist-packages/urllib3/connectionpool.py", line 423, in _make_request
    self._raise_timeout(err=e, url=url, timeout_value=read_timeout)
  File "/usr/lib/python3/dist-packages/urllib3/connectionpool.py", line 330, in _raise_timeout
    raise ReadTimeoutError(
urllib3.exceptions.ReadTimeoutError: HTTPSConnectionPool(host='fapi.binance.com', port=443): Read timed out. (read timeout=10)

During handling of the above exception, another exception occurred:

Traceback (most recent call last):
  File "/mnt/d/alimm-bot-newest/ccxt/base/exchange.py", line 562, in fetch
    response = self.session.request(
  File "/usr/lib/python3/dist-packages/requests/sessions.py", line 533, in request
    resp = self.send(prep, **send_kwargs)
  File "/usr/lib/python3/dist-packages/requests/sessions.py", line 646, in send
    r = adapter.send(request, **kwargs)
  File "/usr/lib/python3/dist-packages/requests/adapters.py", line 529, in send
    raise ReadTimeout(e, request=request)
requests.exceptions.ReadTimeout: HTTPSConnectionPool(host='fapi.binance.com', port=443): Read timed out. (read timeout=10)

During handling of the above exception, another exception occurred:

Traceback (most recent call last):
  File "market_maker.py", line 925, in run_first
    client.fapiPrivatePostLeverage({'symbol': pair.replace('/USDT', 'USDT'), 'leverage': self.lev})
  File "/mnt/d/alimm-bot-newest/ccxt/base/exchange.py", line 465, in inner
    return entry(_self, **inner_kwargs)
  File "/mnt/d/alimm-bot-newest/ccxt/binance.py", line 2390, in request
    response = self.fetch2(path, api, method, params, headers, body)
  File "/mnt/d/alimm-bot-newest/ccxt/base/exchange.py", line 486, in fetch2
    return self.fetch(request['url'], request['method'], request['headers'], request['body'])
  File "/mnt/d/alimm-bot-newest/ccxt/base/exchange.py", line 591, in fetch
    raise RequestTimeout(method + ' ' + url)
ccxt.base.errors.RequestTimeout: POST https://fapi.binance.com/fapi/v1/leverage

During handling of the above exception, another exception occurred:

Traceback (most recent call last):
  File "/usr/lib/python3.8/threading.py", line 932, in _bootstrap_inner
    self.run()
  File "/usr/lib/python3.8/threading.py", line 870, in run
    self._target(*self._args, **self._kwargs)
  File "market_maker.py", line 932, in run_first
    self.creates[fut] = True
AttributeError: 'MarketMaker' object has no attribute 'creates'
Exception in thread Thread-1:
Traceback (most recent call last):
  File "/mnt/d/alimm-bot-newest/ccxt/base/exchange.py", line 588, in fetch
    response.raise_for_status()
  File "/usr/lib/python3/dist-packages/requests/models.py", line 940, in raise_for_status
    raise HTTPError(http_error_msg, response=self)
requests.exceptions.HTTPError: 502 Server Error: Bad Gateway for url: https://fapi.binance.com/fapi/v1/leverage

During handling of the above exception, another exception occurred:

Traceback (most recent call last):
  File "market_maker.py", line 924, in run_first
    client.fapiPrivatePostLeverage({'symbol': pair.replace('/USDT', 'USDT'), 'leverage': self.lev})
  File "/mnt/d/alimm-bot-newest/ccxt/base/exchange.py", line 465, in inner
    return entry(_self, **inner_kwargs)
  File "/mnt/d/alimm-bot-newest/ccxt/binance.py", line 2390, in request
    response = self.fetch2(path, api, method, params, headers, body)
  File "/mnt/d/alimm-bot-newest/ccxt/base/exchange.py", line 486, in fetch2
    return self.fetch(request['url'], request['method'], request['headers'], request['body'])
  File "/mnt/d/alimm-bot-newest/ccxt/base/exchange.py", line 601, in fetch
    self.handle_rest_errors(http_status_code, http_status_text, http_response, url, method)
  File "/mnt/d/alimm-bot-newest/ccxt/base/exchange.py", line 634, in handle_rest_errors
    raise error(' '.join([method, url, string_code, http_status_text, body]))
ccxt.base.errors.ExchangeNotAvailable: POST https://fapi.binance.com/fapi/v1/leverage 502 Bad Gateway <!DOCTYPE HTML PUBLIC "-//W3C//DTD HTML 4.01 Transitional//EN" "http://www.w3.org/TR/html4/loose.dtd">
<HTML><HEAD><META HTTP-EQUIV="Content-Type" CONTENT="text/html; charset=iso-8859-1">
<TITLE>ERROR: The request could not be satisfied</TITLE>
</HEAD><BODY>
<H1>502 ERROR</H1>
<H2>The request could not be satisfied.</H2>
<HR noshade size="1px">
The origin closed the connection.
We can't connect to the server for this app or website at this time. There might be too much traffic or a configuration error. Try again later, or contact the app or website owner.
<BR clear="all">
If you provide content to customers through CloudFront, you can find steps to troubleshoot and help prevent this error by reviewing the CloudFront documentation.
<BR clear="all">
<HR noshade size="1px">
<PRE>
Generated by cloudfront (CloudFront)
Request ID: a1GX8V7gbmVPf6gCl131rEoVifLE76K6BmYKDr3Sl38Ia8dGbwfIFA==
</PRE>
<ADDRESS>
</ADDRESS>
</BODY></HTML>

During handling of the above exception, another exception occurred:

Traceback (most recent call last):
  File "/usr/lib/python3.8/threading.py", line 932, in _bootstrap_inner
    self.run()
  File "/usr/lib/python3.8/threading.py", line 870, in run
    self._target(*self._args, **self._kwargs)
  File "market_maker.py", line 931, in run_first
    self.creates[fut] = True
AttributeError: 'MarketMaker' object has no attribute 'creates'
Exception in thread Thread-1:
Traceback (most recent call last):
  File "/mnt/d/alimm-bot-newest/ccxt/base/exchange.py", line 588, in fetch
    response.raise_for_status()
  File "/usr/lib/python3/dist-packages/requests/models.py", line 940, in raise_for_status
    raise HTTPError(http_error_msg, response=self)
requests.exceptions.HTTPError: 502 Server Error: Bad Gateway for url: https://fapi.binance.com/fapi/v1/leverage

During handling of the above exception, another exception occurred:

Traceback (most recent call last):
  File "market_maker.py", line 929, in run_first
    client.fapiPrivatePostLeverage({'symbol': pair.replace('/USDT', 'USDT'), 'leverage': self.lev})
  File "/mnt/d/alimm-bot-newest/ccxt/base/exchange.py", line 465, in inner
    return entry(_self, **inner_kwargs)
  File "/mnt/d/alimm-bot-newest/ccxt/binance.py", line 2390, in request
    response = self.fetch2(path, api, method, params, headers, body)
  File "/mnt/d/alimm-bot-newest/ccxt/base/exchange.py", line 486, in fetch2
    return self.fetch(request['url'], request['method'], request['headers'], request['body'])
  File "/mnt/d/alimm-bot-newest/ccxt/base/exchange.py", line 601, in fetch
    self.handle_rest_errors(http_status_code, http_status_text, http_response, url, method)
  File "/mnt/d/alimm-bot-newest/ccxt/base/exchange.py", line 634, in handle_rest_errors
    raise error(' '.join([method, url, string_code, http_status_text, body]))
ccxt.base.errors.ExchangeNotAvailable: POST https://fapi.binance.com/fapi/v1/leverage 502 Bad Gateway <!DOCTYPE HTML PUBLIC "-//W3C//DTD HTML 4.01 Transitional//EN" "http://www.w3.org/TR/html4/loose.dtd">
<HTML><HEAD><META HTTP-EQUIV="Content-Type" CONTENT="text/html; charset=iso-8859-1">
<TITLE>ERROR: The request could not be satisfied</TITLE>
</HEAD><BODY>
<H1>502 ERROR</H1>
<H2>The request could not be satisfied.</H2>
<HR noshade size="1px">
The origin closed the connection.
We can't connect to the server for this app or website at this time. There might be too much traffic or a configuration error. Try again later, or contact the app or website owner.
<BR clear="all">
If you provide content to customers through CloudFront, you can find steps to troubleshoot and help prevent this error by reviewing the CloudFront documentation.
<BR clear="all">
<HR noshade size="1px">
<PRE>
Generated by cloudfront (CloudFront)
Request ID: BlIYVUs8turWGT5honvCh3QL4j1WAKBtizzzBiFGvZnG_B02NOzVDQ==
</PRE>
<ADDRESS>
</ADDRESS>
</BODY></HTML>

During handling of the above exception, another exception occurred:

Traceback (most recent call last):
  File "/usr/lib/python3.8/threading.py", line 932, in _bootstrap_inner
    self.run()
  File "/usr/lib/python3.8/threading.py", line 870, in run
    self._target(*self._args, **self._kwargs)
  File "market_maker.py", line 936, in run_first
    self.creates[fut] = True
AttributeError: 'MarketMaker' object has no attribute 'creates'
  File "market_maker.py", line 706
    myfile.write(datetime.utcnow().strftime( '%Y-%m-%d %H:%M:%S' ) + ', ' + client.apiKey + ': Potential earned: $' + str(round(potential* 1000) / 1000) + ', that\'s $' + str(round(potentialday*1000)/1000) '/day, with $2k it would be $' + str(round(potential2k*1000)/1000) + ' by now or ' + str(round(potential2kday*1000)/1000) '/day!\n')
                                                                                                                                                                                                              ^
SyntaxError: invalid syntax
  File "market_maker.py", line 706
    myfile.write(datetime.utcnow().strftime( '%Y-%m-%d %H:%M:%S' ) + ', ' + client.apiKey + ': Potential earned: $' + str(round(potential* 1000) / 1000) + ', that\'s $' + str(round(potentialday*1000)/1000) '/day, with $2k it would be $' + str(round(potential2k*1000)/1000) + ' by now or ' + str(round(potential2kday*1000)/1000) '/day!\n')
                                                                                                                                                                                                              ^
SyntaxError: invalid syntax
  File "market_maker.py", line 706
    myfile.write(datetime.utcnow().strftime( '%Y-%m-%d %H:%M:%S' ) + ', ' + client.apiKey + ': Potential earned: $' + str(round(potential* 1000) / 1000) + ', that\'s $' + str(round(potentialday*1000)/1000) '/day, with $2k it would be $' + str(round(potential2k*1000)/1000) + ' by now or ' + str(round(potential2kday*1000)/1000) '/day!\n')
                                                                                                                                                                                                              ^
SyntaxError: invalid syntax
  File "market_maker.py", line 706
    myfile.write(datetime.utcnow().strftime( '%Y-%m-%d %H:%M:%S' ) + ', ' + client.apiKey + ': Potential earned: $' + str(round(potential* 1000) / 1000) + ', that\'s $' + str(round(potentialday*1000)/1000) '/day, with $2k it would be $' + str(round(potential2k*1000)/1000) + ' by now or ' + str(round(potential2kday*1000)/1000) '/day!\n')
                                                                                                                                                                                                              ^
SyntaxError: invalid syntax
  File "market_maker.py", line 706
    myfile.write(datetime.utcnow().strftime( '%Y-%m-%d %H:%M:%S' ) + ', ' + client.apiKey + ': Potential earned: $' + str(round(potential* 1000) / 1000) + ', that\'s $' + str(round(potentialday*1000)/1000) + '/day, with $2k it would be $' + str(round(potential2k*1000)/1000) + ' by now or ' + str(round(potential2kday*1000)/1000) '/day!\n')
                                                                                                                                                                                                                                                                                                                                          ^
SyntaxError: invalid syntax
  File "market_maker.py", line 706
    myfile.write(datetime.utcnow().strftime( '%Y-%m-%d %H:%M:%S' ) + ', ' + client.apiKey + ': Potential earned: $' + str(round(potential* 1000) / 1000) + ', that\'s $' + str(round(potentialday*1000)/1000) + '/day, with $2k it would be $' + str(round(potential2k*1000)/1000) + ' by now or ' + str(round(potential2kday*1000)/1000) '/day!\n')
                                                                                                                                                                                                                                                                                                                                          ^
SyntaxError: invalid syntax
  File "market_maker.py", line 866
    )
    ^
SyntaxError: unmatched ')'
  File "market_maker.py", line 866
    )
    ^
SyntaxError: unmatched ')'
Exception in thread Thread-1:
Traceback (most recent call last):
  File "/usr/lib/python3.8/threading.py", line 932, in _bootstrap_inner
    self.run()
  File "/usr/lib/python3.8/threading.py", line 870, in run
    self._target(*self._args, **self._kwargs)
  File "market_maker.py", line 865, in run_first
    bm = BinanceSocketManager(bin_client, user_timeout=60)
TypeError: __init__() missing 1 required positional argument: 'n'
Exception in thread Thread-1:
Traceback (most recent call last):
  File "/usr/lib/python3.8/threading.py", line 932, in _bootstrap_inner
    self.run()
  File "/usr/lib/python3.8/threading.py", line 870, in run
    self._target(*self._args, **self._kwargs)
  File "market_maker.py", line 865, in run_first
    bm = BinanceSocketManager(bin_client, user_timeout=60)
TypeError: __init__() missing 1 required positional argument: 'n'
50.5
placekey: dnB0rWq2T3XNlOHWObP6exuBVjMtI3S4BdDssUi5s4iuCgO9VK2xcpndNSfWPa3d
['__add__', '__class__', '__contains__', '__delattr__', '__dir__', '__doc__', '__eq__', '__format__', '__ge__', '__getattribute__', '__getitem__', '__getnewargs__', '__gt__', '__hash__', '__init__', '__init_subclass__', '__iter__', '__le__', '__len__', '__lt__', '__mod__', '__mul__', '__ne__', '__new__', '__reduce__', '__reduce_ex__', '__repr__', '__rmod__', '__rmul__', '__setattr__', '__sizeof__', '__str__', '__subclasshook__', 'capitalize', 'casefold', 'center', 'count', 'encode', 'endswith', 'expandtabs', 'find', 'format', 'format_map', 'index', 'isalnum', 'isalpha', 'isascii', 'isdecimal', 'isdigit', 'isidentifier', 'islower', 'isnumeric', 'isprintable', 'isspace', 'istitle', 'isupper', 'join', 'ljust', 'lower', 'lstrip', 'maketrans', 'partition', 'replace', 'rfind', 'rindex', 'rjust', 'rpartition', 'rsplit', 'rstrip', 'split', 'splitlines', 'startswith', 'strip', 'swapcase', 'title', 'translate', 'upper', 'zfill']
['__abs__', '__add__', '__and__', '__bool__', '__ceil__', '__class__', '__delattr__', '__dir__', '__divmod__', '__doc__', '__eq__', '__float__', '__floor__', '__floordiv__', '__format__', '__ge__', '__getattribute__', '__getnewargs__', '__gt__', '__hash__', '__index__', '__init__', '__init_subclass__', '__int__', '__invert__', '__le__', '__lshift__', '__lt__', '__mod__', '__mul__', '__ne__', '__neg__', '__new__', '__or__', '__pos__', '__pow__', '__radd__', '__rand__', '__rdivmod__', '__reduce__', '__reduce_ex__', '__repr__', '__rfloordiv__', '__rlshift__', '__rmod__', '__rmul__', '__ror__', '__round__', '__rpow__', '__rrshift__', '__rshift__', '__rsub__', '__rtruediv__', '__rxor__', '__setattr__', '__sizeof__', '__str__', '__sub__', '__subclasshook__', '__truediv__', '__trunc__', '__xor__', 'as_integer_ratio', 'bit_length', 'conjugate', 'denominator', 'from_bytes', 'imag', 'numerator', 'real', 'to_bytes']
['__abs__', '__add__', '__and__', '__bool__', '__ceil__', '__class__', '__delattr__', '__dir__', '__divmod__', '__doc__', '__eq__', '__float__', '__floor__', '__floordiv__', '__format__', '__ge__', '__getattribute__', '__getnewargs__', '__gt__', '__hash__', '__index__', '__init__', '__init_subclass__', '__int__', '__invert__', '__le__', '__lshift__', '__lt__', '__mod__', '__mul__', '__ne__', '__neg__', '__new__', '__or__', '__pos__', '__pow__', '__radd__', '__rand__', '__rdivmod__', '__reduce__', '__reduce_ex__', '__repr__', '__rfloordiv__', '__rlshift__', '__rmod__', '__rmul__', '__ror__', '__round__', '__rpow__', '__rrshift__', '__rshift__', '__rsub__', '__rtruediv__', '__rxor__', '__setattr__', '__sizeof__', '__str__', '__sub__', '__subclasshook__', '__truediv__', '__trunc__', '__xor__', 'as_integer_ratio', 'bit_length', 'conjugate', 'denominator', 'from_bytes', 'imag', 'numerator', 'real', 'to_bytes']
['__abs__', '__add__', '__and__', '__bool__', '__ceil__', '__class__', '__delattr__', '__dir__', '__divmod__', '__doc__', '__eq__', '__float__', '__floor__', '__floordiv__', '__format__', '__ge__', '__getattribute__', '__getnewargs__', '__gt__', '__hash__', '__index__', '__init__', '__init_subclass__', '__int__', '__invert__', '__le__', '__lshift__', '__lt__', '__mod__', '__mul__', '__ne__', '__neg__', '__new__', '__or__', '__pos__', '__pow__', '__radd__', '__rand__', '__rdivmod__', '__reduce__', '__reduce_ex__', '__repr__', '__rfloordiv__', '__rlshift__', '__rmod__', '__rmul__', '__ror__', '__round__', '__rpow__', '__rrshift__', '__rshift__', '__rsub__', '__rtruediv__', '__rxor__', '__setattr__', '__sizeof__', '__str__', '__sub__', '__subclasshook__', '__truediv__', '__trunc__', '__xor__', 'as_integer_ratio', 'bit_length', 'conjugate', 'denominator', 'from_bytes', 'imag', 'numerator', 'real', 'to_bytes']
['__abs__', '__add__', '__and__', '__bool__', '__ceil__', '__class__', '__delattr__', '__dir__', '__divmod__', '__doc__', '__eq__', '__float__', '__floor__', '__floordiv__', '__format__', '__ge__', '__getattribute__', '__getnewargs__', '__gt__', '__hash__', '__index__', '__init__', '__init_subclass__', '__int__', '__invert__', '__le__', '__lshift__', '__lt__', '__mod__', '__mul__', '__ne__', '__neg__', '__new__', '__or__', '__pos__', '__pow__', '__radd__', '__rand__', '__rdivmod__', '__reduce__', '__reduce_ex__', '__repr__', '__rfloordiv__', '__rlshift__', '__rmod__', '__rmul__', '__ror__', '__round__', '__rpow__', '__rrshift__', '__rshift__', '__rsub__', '__rtruediv__', '__rxor__', '__setattr__', '__sizeof__', '__str__', '__sub__', '__subclasshook__', '__truediv__', '__trunc__', '__xor__', 'as_integer_ratio', 'bit_length', 'conjugate', 'denominator', 'from_bytes', 'imag', 'numerator', 'real', 'to_bytes']
['__abs__', '__add__', '__and__', '__bool__', '__ceil__', '__class__', '__delattr__', '__dir__', '__divmod__', '__doc__', '__eq__', '__float__', '__floor__', '__floordiv__', '__format__', '__ge__', '__getattribute__', '__getnewargs__', '__gt__', '__hash__', '__index__', '__init__', '__init_subclass__', '__int__', '__invert__', '__le__', '__lshift__', '__lt__', '__mod__', '__mul__', '__ne__', '__neg__', '__new__', '__or__', '__pos__', '__pow__', '__radd__', '__rand__', '__rdivmod__', '__reduce__', '__reduce_ex__', '__repr__', '__rfloordiv__', '__rlshift__', '__rmod__', '__rmul__', '__ror__', '__round__', '__rpow__', '__rrshift__', '__rshift__', '__rsub__', '__rtruediv__', '__rxor__', '__setattr__', '__sizeof__', '__str__', '__sub__', '__subclasshook__', '__truediv__', '__trunc__', '__xor__', 'as_integer_ratio', 'bit_length', 'conjugate', 'denominator', 'from_bytes', 'imag', 'numerator', 'real', 'to_bytes']
['__abs__', '__add__', '__and__', '__bool__', '__ceil__', '__class__', '__delattr__', '__dir__', '__divmod__', '__doc__', '__eq__', '__float__', '__floor__', '__floordiv__', '__format__', '__ge__', '__getattribute__', '__getnewargs__', '__gt__', '__hash__', '__index__', '__init__', '__init_subclass__', '__int__', '__invert__', '__le__', '__lshift__', '__lt__', '__mod__', '__mul__', '__ne__', '__neg__', '__new__', '__or__', '__pos__', '__pow__', '__radd__', '__rand__', '__rdivmod__', '__reduce__', '__reduce_ex__', '__repr__', '__rfloordiv__', '__rlshift__', '__rmod__', '__rmul__', '__ror__', '__round__', '__rpow__', '__rrshift__', '__rshift__', '__rsub__', '__rtruediv__', '__rxor__', '__setattr__', '__sizeof__', '__str__', '__sub__', '__subclasshook__', '__truediv__', '__trunc__', '__xor__', 'as_integer_ratio', 'bit_length', 'conjugate', 'denominator', 'from_bytes', 'imag', 'numerator', 'real', 'to_bytes']
['__abs__', '__add__', '__and__', '__bool__', '__ceil__', '__class__', '__delattr__', '__dir__', '__divmod__', '__doc__', '__eq__', '__float__', '__floor__', '__floordiv__', '__format__', '__ge__', '__getattribute__', '__getnewargs__', '__gt__', '__hash__', '__index__', '__init__', '__init_subclass__', '__int__', '__invert__', '__le__', '__lshift__', '__lt__', '__mod__', '__mul__', '__ne__', '__neg__', '__new__', '__or__', '__pos__', '__pow__', '__radd__', '__rand__', '__rdivmod__', '__reduce__', '__reduce_ex__', '__repr__', '__rfloordiv__', '__rlshift__', '__rmod__', '__rmul__', '__ror__', '__round__', '__rpow__', '__rrshift__', '__rshift__', '__rsub__', '__rtruediv__', '__rxor__', '__setattr__', '__sizeof__', '__str__', '__sub__', '__subclasshook__', '__truediv__', '__trunc__', '__xor__', 'as_integer_ratio', 'bit_length', 'conjugate', 'denominator', 'from_bytes', 'imag', 'numerator', 'real', 'to_bytes']
['__abs__', '__add__', '__and__', '__bool__', '__ceil__', '__class__', '__delattr__', '__dir__', '__divmod__', '__doc__', '__eq__', '__float__', '__floor__', '__floordiv__', '__format__', '__ge__', '__getattribute__', '__getnewargs__', '__gt__', '__hash__', '__index__', '__init__', '__init_subclass__', '__int__', '__invert__', '__le__', '__lshift__', '__lt__', '__mod__', '__mul__', '__ne__', '__neg__', '__new__', '__or__', '__pos__', '__pow__', '__radd__', '__rand__', '__rdivmod__', '__reduce__', '__reduce_ex__', '__repr__', '__rfloordiv__', '__rlshift__', '__rmod__', '__rmul__', '__ror__', '__round__', '__rpow__', '__rrshift__', '__rshift__', '__rsub__', '__rtruediv__', '__rxor__', '__setattr__', '__sizeof__', '__str__', '__sub__', '__subclasshook__', '__truediv__', '__trunc__', '__xor__', 'as_integer_ratio', 'bit_length', 'conjugate', 'denominator', 'from_bytes', 'imag', 'numerator', 'real', 'to_bytes']50.5
placekey: 7hMrKo1CbbhS58I85uaZtfz2cKUFbDIXlZEIGzCqXEMu7V8QcqjYBonrU93GfH1U
['__add__', '__class__', '__contains__', '__delattr__', '__dir__', '__doc__', '__eq__', '__format__', '__ge__', '__getattribute__', '__getitem__', '__getnewargs__', '__gt__', '__hash__', '__init__', '__init_subclass__', '__iter__', '__le__', '__len__', '__lt__', '__mod__', '__mul__', '__ne__', '__new__', '__reduce__', '__reduce_ex__', '__repr__', '__rmod__', '__rmul__', '__setattr__', '__sizeof__', '__str__', '__subclasshook__', 'capitalize', 'casefold', 'center', 'count', 'encode', 'endswith', 'expandtabs', 'find', 'format', 'format_map', 'index', 'isalnum', 'isalpha', 'isascii', 'isdecimal', 'isdigit', 'isidentifier', 'islower', 'isnumeric', 'isprintable', 'isspace', 'istitle', 'isupper', 'join', 'ljust', 'lower', 'lstrip', 'maketrans', 'partition', 'replace', 'rfind', 'rindex', 'rjust', 'rpartition', 'rsplit', 'rstrip', 'split', 'splitlines', 'startswith', 'strip', 'swapcase', 'title', 'translate', 'upper', 'zfill']
['__abs__', '__add__', '__and__', '__bool__', '__ceil__', '__class__', '__delattr__', '__dir__', '__divmod__', '__doc__', '__eq__', '__float__', '__floor__', '__floordiv__', '__format__', '__ge__', '__getattribute__', '__getnewargs__', '__gt__', '__hash__', '__index__', '__init__', '__init_subclass__', '__int__', '__invert__', '__le__', '__lshift__', '__lt__', '__mod__', '__mul__', '__ne__', '__neg__', '__new__', '__or__', '__pos__', '__pow__', '__radd__', '__rand__', '__rdivmod__', '__reduce__', '__reduce_ex__', '__repr__', '__rfloordiv__', '__rlshift__', '__rmod__', '__rmul__', '__ror__', '__round__', '__rpow__', '__rrshift__', '__rshift__', '__rsub__', '__rtruediv__', '__rxor__', '__setattr__', '__sizeof__', '__str__', '__sub__', '__subclasshook__', '__truediv__', '__trunc__', '__xor__', 'as_integer_ratio', 'bit_length', 'conjugate', 'denominator', 'from_bytes', 'imag', 'numerator', 'real', 'to_bytes']
['__abs__', '__add__', '__and__', '__bool__', '__ceil__', '__class__', '__delattr__', '__dir__', '__divmod__', '__doc__', '__eq__', '__float__', '__floor__', '__floordiv__', '__format__', '__ge__', '__getattribute__', '__getnewargs__', '__gt__', '__hash__', '__index__', '__init__', '__init_subclass__', '__int__', '__invert__', '__le__', '__lshift__', '__lt__', '__mod__', '__mul__', '__ne__', '__neg__', '__new__', '__or__', '__pos__', '__pow__', '__radd__', '__rand__', '__rdivmod__', '__reduce__', '__reduce_ex__', '__repr__', '__rfloordiv__', '__rlshift__', '__rmod__', '__rmul__', '__ror__', '__round__', '__rpow__', '__rrshift__', '__rshift__', '__rsub__', '__rtruediv__', '__rxor__', '__setattr__', '__sizeof__', '__str__', '__sub__', '__subclasshook__', '__truediv__', '__trunc__', '__xor__', 'as_integer_ratio', 'bit_length', 'conjugate', 'denominator', 'from_bytes', 'imag', 'numerator', 'real', 'to_bytes']
['__abs__', '__add__', '__and__', '__bool__', '__ceil__', '__class__', '__delattr__', '__dir__', '__divmod__', '__doc__', '__eq__', '__float__', '__floor__', '__floordiv__', '__format__', '__ge__', '__getattribute__', '__getnewargs__', '__gt__', '__hash__', '__index__', '__init__', '__init_subclass__', '__int__', '__invert__', '__le__', '__lshift__', '__lt__', '__mod__', '__mul__', '__ne__', '__neg__', '__new__', '__or__', '__pos__', '__pow__', '__radd__', '__rand__', '__rdivmod__', '__reduce__', '__reduce_ex__', '__repr__', '__rfloordiv__', '__rlshift__', '__rmod__', '__rmul__', '__ror__', '__round__', '__rpow__', '__rrshift__', '__rshift__', '__rsub__', '__rtruediv__', '__rxor__', '__setattr__', '__sizeof__', '__str__', '__sub__', '__subclasshook__', '__truediv__', '__trunc__', '__xor__', 'as_integer_ratio', 'bit_length', 'conjugate', 'denominator', 'from_bytes', 'imag', 'numerator', 'real', 'to_bytes']
['__abs__', '__add__', '__and__', '__bool__', '__ceil__', '__class__', '__delattr__', '__dir__', '__divmod__', '__doc__', '__eq__', '__float__', '__floor__', '__floordiv__', '__format__', '__ge__', '__getattribute__', '__getnewargs__', '__gt__', '__hash__', '__index__', '__init__', '__init_subclass__', '__int__', '__invert__', '__le__', '__lshift__', '__lt__', '__mod__', '__mul__', '__ne__', '__neg__', '__new__', '__or__', '__pos__', '__pow__', '__radd__', '__rand__', '__rdivmod__', '__reduce__', '__reduce_ex__', '__repr__', '__rfloordiv__', '__rlshift__', '__rmod__', '__rmul__', '__ror__', '__round__', '__rpow__', '__rrshift__', '__rshift__', '__rsub__', '__rtruediv__', '__rxor__', '__setattr__', '__sizeof__', '__str__', '__sub__', '__subclasshook__', '__truediv__', '__trunc__', '__xor__', 'as_integer_ratio', 'bit_length', 'conjugate', 'denominator', 'from_bytes', 'imag', 'numerator', 'real', 'to_bytes']
['__abs__', '__add__', '__and__', '__bool__', '__ceil__', '__class__', '__delattr__', '__dir__', '__divmod__', '__doc__', '__eq__', '__float__', '__floor__', '__floordiv__', '__format__', '__ge__', '__getattribute__', '__getnewargs__', '__gt__', '__hash__', '__index__', '__init__', '__init_subclass__', '__int__', '__invert__', '__le__', '__lshift__', '__lt__', '__mod__', '__mul__', '__ne__', '__neg__', '__new__', '__or__', '__pos__', '__pow__', '__radd__', '__rand__', '__rdivmod__', '__reduce__', '__reduce_ex__', '__repr__', '__rfloordiv__', '__rlshift__', '__rmod__', '__rmul__', '__ror__', '__round__', '__rpow__', '__rrshift__', '__rshift__', '__rsub__', '__rtruediv__', '__rxor__', '__setattr__', '__sizeof__', '__str__', '__sub__', '__subclasshook__', '__truediv__', '__trunc__', '__xor__', 'as_integer_ratio', 'bit_length', 'conjugate', 'denominator', 'from_bytes', 'imag', 'numerator', 'real', 'to_bytes']
['__abs__', '__add__', '__and__', '__bool__', '__ceil__', '__class__', '__delattr__', '__dir__', '__divmod__', '__doc__', '__eq__', '__float__', '__floor__', '__floordiv__', '__format__', '__ge__', '__getattribute__', '__getnewargs__', '__gt__', '__hash__', '__index__', '__init__', '__init_subclass__', '__int__', '__invert__', '__le__', '__lshift__', '__lt__', '__mod__', '__mul__', '__ne__', '__neg__', '__new__', '__or__', '__pos__', '__pow__', '__radd__', '__rand__', '__rdivmod__', '__reduce__', '__reduce_ex__', '__repr__', '__rfloordiv__', '__rlshift__', '__rmod__', '__rmul__', '__ror__', '__round__', '__rpow__', '__rrshift__', '__rshift__', '__rsub__', '__rtruediv__', '__rxor__', '__setattr__', '__sizeof__', '__str__', '__sub__', '__subclasshook__', '__truediv__', '__trunc__', '__xor__', 'as_integer_ratio', 'bit_length', 'conjugate', 'denominator', 'from_bytes', 'imag', 'numerator', 'real', 'to_bytes']
['__abs__', '__add__', '__and__', '__bool__', '__ceil__', '__class__', '__delattr__', '__dir__', '__divmod__', '__doc__', '__eq__', '__float__', '__floor__', '__floordiv__', '__format__', '__ge__', '__getattribute__', '__getnewargs__', '__gt__', '__hash__', '__index__', '__init__', '__init_subclass__', '__int__', '__invert__', '__le__', '__lshift__', '__lt__', '__mod__', '__mul__', '__ne__', '__neg__', '__new__', '__or__', '__pos__', '__pow__', '__radd__', '__rand__', '__rdivmod__', '__reduce__', '__reduce_ex__', '__repr__', '__rfloordiv__', '__rlshift__', '__rmod__', '__rmul__', '__ror__', '__round__', '__rpow__', '__rrshift__', '__rshift__', '__rsub__', '__rtruediv__', '__rxor__', '__setattr__', '__sizeof__', '__str__', '__sub__', '__subclasshook__', '__truediv__', '__trunc__', '__xor__', 'as_integer_ratio', 'bit_length', 'conjugate', 'denominator', 'from_bytes', 'imag', 'numerator', 'real', 'to_bytes']
['__abs__', '__add__', '__and__', '__bool__', '__ceil__', '__class__', '__delattr__', '__dir__', '__divmod__', '__doc__', '__eq__', '__float__', '__floor__', '__floordiv__', '__format__', '__ge__', '__getattribute__', '__getnewargs__', '__gt__', '__hash__', '__index__', '__init__', '__init_subclass__', '__int__', '__invert__', '__le__', '__lshift__', '__lt__', '__mod__', '__mul__', '__ne__', '__neg__', '__new__', '__or__', '__pos__', '__pow__', '__radd__', '__rand__', '__rdivmod__', '__reduce__', '__reduce_ex__', '__repr__', '__rfloordiv__', '__rlshift__', '__rmod__', '__rmul__', '__ror__', '__round__', '__rpow__', '__rrshift__', '__rshift__', '__rsub__', '__rtruediv__', '__rxor__', '__setattr__', '__sizeof__', '__str__', '__sub__', '__subclasshook__', '__truediv__', '__trunc__', '__xor__', 'as_integer_ratio', 'bit_length', 'conjugate', 'denominator', 'from_bytes', 'imag', 'numerator', 'real', 'to_bytes']
['__abs__', '__add__', '__and__', '__bool__', '__ceil__', '__class__', '__delattr__', '__dir__', '__divmod__', '__doc__', '__eq__', '__float__', '__floor__', '__floordiv__', '__format__', '__ge__', '__getattribute__', '__getnewargs__', '__gt__', '__hash__', '__index__', '__init__', '__init_subclass__', '__int__', '__invert__', '__le__', '__lshift__', '__lt__', '__mod__', '__mul__', '__ne__', '__neg__', '__new__', '__or__', '__pos__', '__pow__', '__radd__', '__rand__', '__rdivmod__', '__reduce__', '__reduce_ex__', '__repr__', '__rfloordiv__', '__rlshift__', '__rmod__', '__rmul__', '__ror__', '__round__', '__rpow__', '__rrshift__', '__rshift__', '__rsub__', '__rtruediv__', '__rxor__', '__setattr__', '__sizeof__', '__str__', '__sub__', '__subclasshook__', '__truediv__', '__trunc__', '__xor__', 'as_integer_ratio', 'bit_length', 'conjugate', 'denominator', 'from_bytes', 'imag', 'numerator', 'real', 'to_bytes']
['__abs__', '__add__', '__and__', '__bool__', '__ceil__', '__class__', '__delattr__', '__dir__', '__divmod__', '__doc__', '__eq__', '__float__', '__floor__', '__floordiv__', '__format__', '__ge__', '__getattribute__', '__getnewargs__', '__gt__', '__hash__', '__index__', '__init__', '__init_subclass__', '__int__', '__invert__', '__le__', '__lshift__', '__lt__', '__mod__', '__mul__', '__ne__', '__neg__', '__new__', '__or__', '__pos__', '__pow__', '__radd__', '__rand__', '__rdivmod__', '__reduce__', '__reduce_ex__', '__repr__', '__rfloordiv__', '__rlshift__', '__rmod__', '__rmul__', '__ror__', '__round__', '__rpow__', '__rrshift__', '__rshift__', '__rsub__', '__rtruediv__', '__rxor__', '__setattr__', '__sizeof__', '__str__', '__sub__', '__subclasshook__', '__truediv__', '__trunc__', '__xor__', 'as_integer_ratio', 'bit_length', 'conjugate', 'denominator', 'from_bytes', 'imag', 'numerator', 'real', 'to_bytes']
['__abs__', '__add__', '__and__', '__bool__', '__ceil__', '__class__', '__delattr__', '__dir__', '__divmod__', '__doc__', '__eq__', '__float__', '__floor__', '__floordiv__', '__format__', '__ge__', '__getattribute__', '__getnewargs__', '__gt__', '__hash__', '__index__', '__init__', '__init_subclass__', '__int__', '__invert__', '__le__', '__lshift__', '__lt__', '__mod__', '__mul__', '__ne__', '__neg__', '__new__', '__or__', '__pos__', '__pow__', '__radd__', '__rand__', '__rdivmod__', '__reduce__', '__reduce_ex__', '__repr__', '__rfloordiv__', '__rlshift__', '__rmod__', '__rmul__', '__ror__', '__round__', '__rpow__', '__rrshift__', '__rshift__', '__rsub__', '__rtruediv__', '__rxor__', '__setattr__', '__sizeof__', '__str__', '__sub__', '__subclasshook__', '__truediv__', '__trunc__', '__xor__', 'as_integer_ratio', 'bit_length', 'conjugate', 'denominator', 'from_bytes', 'imag', 'numerator', 'real', 'to_bytes']
['__abs__', '__add__', '__and__', '__bool__', '__ceil__', '__class__', '__delattr__', '__dir__', '__divmod__', '__doc__', '__eq__', '__float__', '__floor__', '__floordiv__', '__format__', '__ge__', '__getattribute__', '__getnewargs__', '__gt__', '__hash__', '__index__', '__init__', '__init_subclass__', '__int__', '__invert__', '__le__', '__lshift__', '__lt__', '__mod__', '__mul__', '__ne__', '__neg__', '__new__', '__or__', '__pos__', '__pow__', '__radd__', '__rand__', '__rdivmod__', '__reduce__', '__reduce_ex__', '__repr__', '__rfloordiv__', '__rlshift__', '__rmod__', '__rmul__', '__ror__', '__round__', '__rpow__', '__rrshift__', '__rshift__', '__rsub__', '__rtruediv__', '__rxor__', '__setattr__', '__sizeof__', '__str__', '__sub__', '__subclasshook__', '__truediv__', '__trunc__', '__xor__', 'as_integer_ratio', 'bit_length', 'conjugate', 'denominator', 'from_bytes', 'imag', 'numerator', 'real', 'to_bytes']
['__abs__', '__add__', '__and__', '__bool__', '__ceil__', '__class__', '__delattr__', '__dir__', '__divmod__', '__doc__', '__eq__', '__float__', '__floor__', '__floordiv__', '__format__', '__ge__', '__getattribute__', '__getnewargs__', '__gt__', '__hash__', '__index__', '__init__', '__init_subclass__', '__int__', '__invert__', '__le__', '__lshift__', '__lt__', '__mod__', '__mul__', '__ne__', '__neg__', '__new__', '__or__', '__pos__', '__pow__', '__radd__', '__rand__', '__rdivmod__', '__reduce__', '__reduce_ex__', '__repr__', '__rfloordiv__', '__rlshift__', '__rmod__', '__rmul__', '__ror__', '__round__', '__rpow__', '__rrshift__', '__rshift__', '__rsub__', '__rtruediv__', '__rxor__', '__setattr__', '__sizeof__', '__str__', '__sub__', '__subclasshook__', '__truediv__', '__trunc__', '__xor__', 'as_integer_ratio', 'bit_length', 'conjugate', 'denominator', 'from_bytes', 'imag', 'numerator', 'real', 'to_bytes']
['__abs__', '__add__', '__and__', '__bool__', '__ceil__', '__class__', '__delattr__', '__dir__', '__divmod__', '__doc__', '__eq__', '__float__', '__floor__', '__floordiv__', '__format__', '__ge__', '__getattribute__', '__getnewargs__', '__gt__', '__hash__', '__index__', '__init__', '__init_subclass__', '__int__', '__invert__', '__le__', '__lshift__', '__lt__', '__mod__', '__mul__', '__ne__', '__neg__', '__new__', '__or__', '__pos__', '__pow__', '__radd__', '__rand__', '__rdivmod__', '__reduce__', '__reduce_ex__', '__repr__', '__rfloordiv__', '__rlshift__', '__rmod__', '__rmul__', '__ror__', '__round__', '__rpow__', '__rrshift__', '__rshift__', '__rsub__', '__rtruediv__', '__rxor__', '__setattr__', '__sizeof__', '__str__', '__sub__', '__subclasshook__', '__truediv__', '__trunc__', '__xor__', 'as_integer_ratio', 'bit_length', 'conjugate', 'denominator', 'from_bytes', 'imag', 'numerator', 'real', 'to_bytes']
['__abs__', '__add__', '__and__', '__bool__', '__ceil__', '__class__', '__delattr__', '__dir__', '__divmod__', '__doc__', '__eq__', '__float__', '__floor__', '__floordiv__', '__format__', '__ge__', '__getattribute__', '__getnewargs__', '__gt__', '__hash__', '__index__', '__init__', '__init_subclass__', '__int__', '__invert__', '__le__', '__lshift__', '__lt__', '__mod__', '__mul__', '__ne__', '__neg__', '__new__', '__or__', '__pos__', '__pow__', '__radd__', '__rand__', '__rdivmod__', '__reduce__', '__reduce_ex__', '__repr__', '__rfloordiv__', '__rlshift__', '__rmod__', '__rmul__', '__ror__', '__round__', '__rpow__', '__rrshift__', '__rshift__', '__rsub__', '__rtruediv__', '__rxor__', '__setattr__', '__sizeof__', '__str__', '__sub__', '__subclasshook__', '__truediv__', '__trunc__', '__xor__', 'as_integer_ratio', 'bit_length', 'conjugate', 'denominator', 'from_bytes', 'imag', 'numerator', 'real', 'to_bytes']
['__abs__', '__add__', '__and__', '__bool__', '__ceil__', '__class__', '__delattr__', '__dir__', '__divmod__', '__doc__', '__eq__', '__float__', '__floor__', '__floordiv__', '__format__', '__ge__', '__getattribute__', '__getnewargs__', '__gt__', '__hash__', '__index__', '__init__', '__init_subclass__', '__int__', '__invert__', '__le__', '__lshift__', '__lt__', '__mod__', '__mul__', '__ne__', '__neg__', '__new__', '__or__', '__pos__', '__pow__', '__radd__', '__rand__', '__rdivmod__', '__reduce__', '__reduce_ex__', '__repr__', '__rfloordiv__', '__rlshift__', '__rmod__', '__rmul__', '__ror__', '__round__', '__rpow__', '__rrshift__', '__rshift__', '__rsub__', '__rtruediv__', '__rxor__', '__setattr__', '__sizeof__', '__str__', '__sub__', '__subclasshook__', '__truediv__', '__trunc__', '__xor__', 'as_integer_ratio', 'bit_length', 'conjugate', 'denominator', 'from_bytes', 'imag', 'numerator', 'real', 'to_bytes']
['__abs__', '__add__', '__and__', '__bool__', '__ceil__', '__class__', '__delattr__', '__dir__', '__divmod__', '__doc__', '__eq__', '__float__', '__floor__', '__floordiv__', '__format__', '__ge__', '__getattribute__', '__getnewargs__', '__gt__', '__hash__', '__index__', '__init__', '__init_subclass__', '__int__', '__invert__', '__le__', '__lshift__', '__lt__', '__mod__', '__mul__', '__ne__', '__neg__', '__new__', '__or__', '__pos__', '__pow__', '__radd__', '__rand__', '__rdivmod__', '__reduce__', '__reduce_ex__', '__repr__', '__rfloordiv__', '__rlshift__', '__rmod__', '__rmul__', '__ror__', '__round__', '__rpow__', '__rrshift__', '__rshift__', '__rsub__', '__rtruediv__', '__rxor__', '__setattr__', '__sizeof__', '__str__', '__sub__', '__subclasshook__', '__truediv__', '__trunc__', '__xor__', 'as_integer_ratio', 'bit_length', 'conjugate', 'denominator', 'from_bytes', 'imag', 'numerator', 'real', 'to_bytes']
['__abs__', '__add__', '__and__', '__bool__', '__ceil__', '__class__', '__delattr__', '__dir__', '__divmod__', '__doc__', '__eq__', '__float__', '__floor__', '__floordiv__', '__format__', '__ge__', '__getattribute__', '__getnewargs__', '__gt__', '__hash__', '__index__', '__init__', '__init_subclass__', '__int__', '__invert__', '__le__', '__lshift__', '__lt__', '__mod__', '__mul__', '__ne__', '__neg__', '__new__', '__or__', '__pos__', '__pow__', '__radd__', '__rand__', '__rdivmod__', '__reduce__', '__reduce_ex__', '__repr__', '__rfloordiv__', '__rlshift__', '__rmod__', '__rmul__', '__ror__', '__round__', '__rpow__', '__rrshift__', '__rshift__', '__rsub__', '__rtruediv__', '__rxor__', '__setattr__', '__sizeof__', '__str__', '__sub__', '__subclasshook__', '__truediv__', '__trunc__', '__xor__', 'as_integer_ratio', 'bit_length', 'conjugate', 'denominator', 'from_bytes', 'imag', 'numerator', 'real', 'to_bytes']
['__abs__', '__add__', '__and__', '__bool__', '__ceil__', '__class__', '__delattr__', '__dir__', '__divmod__', '__doc__', '__eq__', '__float__', '__floor__', '__floordiv__', '__format__', '__ge__', '__getattribute__', '__getnewargs__', '__gt__', '__hash__', '__index__', '__init__', '__init_subclass__', '__int__', '__invert__', '__le__', '__lshift__', '__lt__', '__mod__', '__mul__', '__ne__', '__neg__', '__new__', '__or__', '__pos__', '__pow__', '__radd__', '__rand__', '__rdivmod__', '__reduce__', '__reduce_ex__', '__repr__', '__rfloordiv__', '__rlshift__', '__rmod__', '__rmul__', '__ror__', '__round__', '__rpow__', '__rrshift__', '__rshift__', '__rsub__', '__rtruediv__', '__rxor__', '__setattr__', '__sizeof__', '__str__', '__sub__', '__subclasshook__', '__truediv__', '__trunc__', '__xor__', 'as_integer_ratio', 'bit_length', 'conjugate', 'denominator', 'from_bytes', 'imag', 'numerator', 'real', 'to_bytes']
['__abs__', '__add__', '__and__', '__bool__', '__ceil__', '__class__', '__delattr__', '__dir__', '__divmod__', '__doc__', '__eq__', '__float__', '__floor__', '__floordiv__', '__format__', '__ge__', '__getattribute__', '__getnewargs__', '__gt__', '__hash__', '__index__', '__init__', '__init_subclass__', '__int__', '__invert__', '__le__', '__lshift__', '__lt__', '__mod__', '__mul__', '__ne__', '__neg__', '__new__', '__or__', '__pos__', '__pow__', '__radd__', '__rand__', '__rdivmod__', '__reduce__', '__reduce_ex__', '__repr__', '__rfloordiv__', '__rlshift__', '__rmod__', '__rmul__', '__ror__', '__round__', '__rpow__', '__rrshift__', '__rshift__', '__rsub__', '__rtruediv__', '__rxor__', '__setattr__', '__sizeof__', '__str__', '__sub__', '__subclasshook__', '__truediv__', '__trunc__', '__xor__', 'as_integer_ratio', 'bit_length', 'conjugate', 'denominator', 'from_bytes', 'imag', 'numerator', 'real', 'to_bytes']
['__abs__', '__add__', '__and__', '__bool__', '__ceil__', '__class__', '__delattr__', '__dir__', '__divmod__', '__doc__', '__eq__', '__float__', '__floor__', '__floordiv__', '__format__', '__ge__', '__getattribute__', '__getnewargs__', '__gt__', '__hash__', '__index__', '__init__', '__init_subclass__', '__int__', '__invert__', '__le__', '__lshift__', '__lt__', '__mod__', '__mul__', '__ne__', '__neg__', '__new__', '__or__', '__pos__', '__pow__', '__radd__', '__rand__', '__rdivmod__', '__reduce__', '__reduce_ex__', '__repr__', '__rfloordiv__', '__rlshift__', '__rmod__', '__rmul__', '__ror__', '__round__', '__rpow__', '__rrshift__', '__rshift__', '__rsub__', '__rtruediv__', '__rxor__', '__setattr__', '__sizeof__', '__str__', '__sub__', '__subclasshook__', '__truediv__', '__trunc__', '__xor__', 'as_integer_ratio', 'bit_length', 'conjugate', 'denominator', 'from_bytes', 'imag', 'numerator', 'real', 'to_bytes']
['__abs__', '__add__', '__and__', '__bool__', '__ceil__', '__class__', '__delattr__', '__dir__', '__divmod__', '__doc__', '__eq__', '__float__', '__floor__', '__floordiv__', '__format__', '__ge__', '__getattribute__', '__getnewargs__', '__gt__', '__hash__', '__index__', '__init__', '__init_subclass__', '__int__', '__invert__', '__le__', '__lshift__', '__lt__', '__mod__', '__mul__', '__ne__', '__neg__', '__new__', '__or__', '__pos__', '__pow__', '__radd__', '__rand__', '__rdivmod__', '__reduce__', '__reduce_ex__', '__repr__', '__rfloordiv__', '__rlshift__', '__rmod__', '__rmul__', '__ror__', '__round__', '__rpow__', '__rrshift__', '__rshift__', '__rsub__', '__rtruediv__', '__rxor__', '__setattr__', '__sizeof__', '__str__', '__sub__', '__subclasshook__', '__truediv__', '__trunc__', '__xor__', 'as_integer_ratio', 'bit_length', 'conjugate', 'denominator', 'from_bytes', 'imag', 'numerator', 'real', 'to_bytes']
['__abs__', '__add__', '__and__', '__bool__', '__ceil__', '__class__', '__delattr__', '__dir__', '__divmod__', '__doc__', '__eq__', '__float__', '__floor__', '__floordiv__', '__format__', '__ge__', '__getattribute__', '__getnewargs__', '__gt__', '__hash__', '__index__', '__init__', '__init_subclass__', '__int__', '__invert__', '__le__', '__lshift__', '__lt__', '__mod__', '__mul__', '__ne__', '__neg__', '__new__', '__or__', '__pos__', '__pow__', '__radd__', '__rand__', '__rdivmod__', '__reduce__', '__reduce_ex__', '__repr__', '__rfloordiv__', '__rlshift__', '__rmod__', '__rmul__', '__ror__', '__round__', '__rpow__', '__rrshift__', '__rshift__', '__rsub__', '__rtruediv__', '__rxor__', '__setattr__', '__sizeof__', '__str__', '__sub__', '__subclasshook__', '__truediv__', '__trunc__', '__xor__', 'as_integer_ratio', 'bit_length', 'conjugate', 'denominator', 'from_bytes', 'imag', 'numerator', 'real', 'to_bytes']
['__abs__', '__add__', '__and__', '__bool__', '__ceil__', '__class__', '__delattr__', '__dir__', '__divmod__', '__doc__', '__eq__', '__float__', '__floor__', '__floordiv__', '__format__', '__ge__', '__getattribute__', '__getnewargs__', '__gt__', '__hash__', '__index__', '__init__', '__init_subclass__', '__int__', '__invert__', '__le__', '__lshift__', '__lt__', '__mod__', '__mul__', '__ne__', '__neg__', '__new__', '__or__', '__pos__', '__pow__', '__radd__', '__rand__', '__rdivmod__', '__reduce__', '__reduce_ex__', '__repr__', '__rfloordiv__', '__rlshift__', '__rmod__', '__rmul__', '__ror__', '__round__', '__rpow__', '__rrshift__', '__rshift__', '__rsub__', '__rtruediv__', '__rxor__', '__setattr__', '__sizeof__', '__str__', '__sub__', '__subclasshook__', '__truediv__', '__trunc__', '__xor__', 'as_integer_ratio', 'bit_length', 'conjugate', 'denominator', 'from_bytes', 'imag', 'numerator', 'real', 'to_bytes']
['__abs__', '__add__', '__and__', '__bool__', '__ceil__', '__class__', '__delattr__', '__dir__', '__divmod__', '__doc__', '__eq__', '__float__', '__floor__', '__floordiv__', '__format__', '__ge__', '__getattribute__', '__getnewargs__', '__gt__', '__hash__', '__index__', '__init__', '__init_subclass__', '__int__', '__invert__', '__le__', '__lshift__', '__lt__', '__mod__', '__mul__', '__ne__', '__neg__', '__new__', '__or__', '__pos__', '__pow__', '__radd__', '__rand__', '__rdivmod__', '__reduce__', '__reduce_ex__', '__repr__', '__rfloordiv__', '__rlshift__', '__rmod__', '__rmul__', '__ror__', '__round__', '__rpow__', '__rrshift__', '__rshift__', '__rsub__', '__rtruediv__', '__rxor__', '__setattr__', '__sizeof__', '__str__', '__sub__', '__subclasshook__', '__truediv__', '__trunc__', '__xor__', 'as_integer_ratio', 'bit_length', 'conjugate', 'denominator', 'from_bytes', 'imag', 'numerator', 'real', 'to_bytes']
['__abs__', '__add__', '__and__', '__bool__', '__ceil__', '__class__', '__delattr__', '__dir__', '__divmod__', '__doc__', '__eq__', '__float__', '__floor__', '__floordiv__', '__format__', '__ge__', '__getattribute__', '__getnewargs__', '__gt__', '__hash__', '__index__', '__init__', '__init_subclass__', '__int__', '__invert__', '__le__', '__lshift__', '__lt__', '__mod__', '__mul__', '__ne__', '__neg__', '__new__', '__or__', '__pos__', '__pow__', '__radd__', '__rand__', '__rdivmod__', '__reduce__', '__reduce_ex__', '__repr__', '__rfloordiv__', '__rlshift__', '__rmod__', '__rmul__', '__ror__', '__round__', '__rpow__', '__rrshift__', '__rshift__', '__rsub__', '__rtruediv__', '__rxor__', '__setattr__', '__sizeof__', '__str__', '__sub__', '__subclasshook__', '__truediv__', '__trunc__', '__xor__', 'as_integer_ratio', 'bit_length', 'conjugate', 'denominator', 'from_bytes', 'imag', 'numerator', 'real', 'to_bytes']['__class__', '__del__', '__delattr__', '__dict__', '__dir__', '__doc__', '__eq__', '__format__', '__ge__', '__getattribute__', '__gt__', '__hash__', '__init__', '__init_subclass__', '__le__', '__lt__', '__module__', '__ne__', '__new__', '__reduce__', '__reduce_ex__', '__repr__', '__setattr__', '__sizeof__', '__str__', '__subclasshook__', '__weakref__', 'account', 'accounts', 'aggregate', 'aiohttpProxy', 'aiohttpTrustEnv', 'aiohttp_proxy', 'aiohttp_trust_env', 'amountToPrecision', 'amount_to_precision', 'api', 'apiKey', 'arrayConcat', 'array_concat', 'asyncioLoop', 'asyncio_loop', 'balance', 'base16ToBinary', 'base16_to_binary', 'base58Alphabet', 'base58Decoder', 'base58Encoder', 'base58ToBinary', 'base58_alphabet', 'base58_decoder', 'base58_encoder', 'base58_to_binary', 'base64ToBinary', 'base64ToString', 'base64_to_binary', 'base64_to_string', 'base64urlencode', 'baseCurrencies', 'base_currencies', 'binaryConcat', 'binaryConcatArray', 'binaryToBase16', 'binaryToBase58', 'binaryToBase64', 'binary_concat', 'binary_concat_array', 'binary_to_base16', 'binary_to_base58', 'binary_to_base64', 'buildOhlcvc', 'build_ohlcvc', 'calculateFee', 'calculate_fee', 'cancelAllOrders', 'cancelOrder', 'cancelUnifiedOrder', 'cancel_all_orders', 'cancel_order', 'cancel_unified_order', 'capitalize', 'certified', 'checkAddress', 'checkRequiredCredentials', 'checkRequiredDependencies', 'check_address', 'check_required_credentials', 'check_required_dependencies', 'commonCurrencies', 'commonCurrencyCode', 'common_currency_code', 'convertOHLCVToTradingView', 'convertTradingViewToOHLCV', 'convert_ohlcv_to_trading_view', 'convert_trading_view_to_ohlcv', 'costToPrecision', 'cost_to_precision', 'countries', 'createLimitBuyOrder', 'createLimitOrder', 'createLimitSellOrder', 'createMarketBuyOrder', 'createMarketOrder', 'createMarketSellOrder', 'createOrder', 'create_limit_buy_order', 'create_limit_order', 'create_limit_sell_order', 'create_market_buy_order', 'create_market_order', 'create_market_sell_order', 'create_order', 'currencies', 'currenciesById', 'currencies_by_id', 'currency', 'currencyId', 'currencyToPrecision', 'currency_id', 'currency_to_precision', 'dapiDataGetBasis', 'dapiDataGetGlobalLongShortAccountRatio', 'dapiDataGetGloballongshortaccountratio', 'dapiDataGetOpenInterestHist', 'dapiDataGetOpeninteresthist', 'dapiDataGetTakerBuySellVol', 'dapiDataGetTakerbuysellvol', 'dapiDataGetTopLongShortAccountRatio', 'dapiDataGetTopLongShortPositionRatio', 'dapiDataGetToplongshortaccountratio', 'dapiDataGetToplongshortpositionratio', 'dapiData_get_basis', 'dapiData_get_globallongshortaccountratio', 'dapiData_get_openinteresthist', 'dapiData_get_takerbuysellvol', 'dapiData_get_toplongshortaccountratio', 'dapiData_get_toplongshortpositionratio', 'dapiPrivateDeleteAllOpenOrders', 'dapiPrivateDeleteAllopenorders', 'dapiPrivateDeleteBatchOrders', 'dapiPrivateDeleteBatchorders', 'dapiPrivateDeleteListenKey', 'dapiPrivateDeleteListenkey', 'dapiPrivateDeleteOrder', 'dapiPrivateGetAccount', 'dapiPrivateGetAdlQuantile', 'dapiPrivateGetAdlquantile', 'dapiPrivateGetAllOrders', 'dapiPrivateGetAllorders', 'dapiPrivateGetBalance', 'dapiPrivateGetForceOrders', 'dapiPrivateGetForceorders', 'dapiPrivateGetIncome', 'dapiPrivateGetLeverageBracket', 'dapiPrivateGetLeveragebracket', 'dapiPrivateGetOpenOrder', 'dapiPrivateGetOpenOrders', 'dapiPrivateGetOpenorder', 'dapiPrivateGetOpenorders', 'dapiPrivateGetOrder', 'dapiPrivateGetPositionMarginHistory', 'dapiPrivateGetPositionRisk', 'dapiPrivateGetPositionSideDual', 'dapiPrivateGetPositionmarginHistory', 'dapiPrivateGetPositionrisk', 'dapiPrivateGetPositionsideDual', 'dapiPrivateGetUserTrades', 'dapiPrivateGetUsertrades', 'dapiPrivatePostBatchOrders', 'dapiPrivatePostBatchorders', 'dapiPrivatePostCountdownCancelAll', 'dapiPrivatePostCountdowncancelall', 'dapiPrivatePostLeverage', 'dapiPrivatePostListenKey', 'dapiPrivatePostListenkey', 'dapiPrivatePostMarginType', 'dapiPrivatePostMargintype', 'dapiPrivatePostOrder', 'dapiPrivatePostPositionMargin', 'dapiPrivatePostPositionSideDual', 'dapiPrivatePostPositionmargin', 'dapiPrivatePostPositionsideDual', 'dapiPrivatePutListenKey', 'dapiPrivatePutListenkey', 'dapiPrivate_delete_allopenorders', 'dapiPrivate_delete_batchorders', 'dapiPrivate_delete_listenkey', 'dapiPrivate_delete_order', 'dapiPrivate_get_account', 'dapiPrivate_get_adlquantile', 'dapiPrivate_get_allorders', 'dapiPrivate_get_balance', 'dapiPrivate_get_forceorders', 'dapiPrivate_get_income', 'dapiPrivate_get_leveragebracket', 'dapiPrivate_get_openorder', 'dapiPrivate_get_openorders', 'dapiPrivate_get_order', 'dapiPrivate_get_positionmargin_history', 'dapiPrivate_get_positionrisk', 'dapiPrivate_get_positionside_dual', 'dapiPrivate_get_usertrades', 'dapiPrivate_post_batchorders', 'dapiPrivate_post_countdowncancelall', 'dapiPrivate_post_leverage', 'dapiPrivate_post_listenkey', 'dapiPrivate_post_margintype', 'dapiPrivate_post_order', 'dapiPrivate_post_positionmargin', 'dapiPrivate_post_positionside_dual', 'dapiPrivate_put_listenkey', 'dapiPublicGetAggTrades', 'dapiPublicGetAggtrades', 'dapiPublicGetAllForceOrders', 'dapiPublicGetAllforceorders', 'dapiPublicGetContinuousKlines', 'dapiPublicGetContinuousklines', 'dapiPublicGetDepth', 'dapiPublicGetExchangeInfo', 'dapiPublicGetExchangeinfo', 'dapiPublicGetFundingRate', 'dapiPublicGetFundingrate', 'dapiPublicGetHistoricalTrades', 'dapiPublicGetHistoricaltrades', 'dapiPublicGetIndexPriceKlines', 'dapiPublicGetIndexpriceklines', 'dapiPublicGetKlines', 'dapiPublicGetMarkPriceKlines', 'dapiPublicGetMarkpriceklines', 'dapiPublicGetOpenInterest', 'dapiPublicGetOpeninterest', 'dapiPublicGetPing', 'dapiPublicGetPremiumIndex', 'dapiPublicGetPremiumindex', 'dapiPublicGetTicker24hr', 'dapiPublicGetTickerBookTicker', 'dapiPublicGetTickerBookticker', 'dapiPublicGetTickerPrice', 'dapiPublicGetTime', 'dapiPublicGetTrades', 'dapiPublic_get_aggtrades', 'dapiPublic_get_allforceorders', 'dapiPublic_get_continuousklines', 'dapiPublic_get_depth', 'dapiPublic_get_exchangeinfo', 'dapiPublic_get_fundingrate', 'dapiPublic_get_historicaltrades', 'dapiPublic_get_indexpriceklines', 'dapiPublic_get_klines', 'dapiPublic_get_markpriceklines', 'dapiPublic_get_openinterest', 'dapiPublic_get_ping', 'dapiPublic_get_premiumindex', 'dapiPublic_get_ticker_24hr', 'dapiPublic_get_ticker_bookticker', 'dapiPublic_get_ticker_price', 'dapiPublic_get_time', 'dapiPublic_get_trades', 'decimalToBytes', 'decimalToPrecision', 'decimal_to_bytes', 'decimal_to_precision', 'decode', 'deepExtend', 'deep_extend', 'defineRestApi', 'define_rest_api', 'describe', 'dmy', 'ecdsa', 'eddsa', 'editLimitBuyOrder', 'editLimitOrder', 'editLimitSellOrder', 'editOrder', 'edit_limit_buy_order', 'edit_limit_order', 'edit_limit_sell_order', 'edit_order', 'enableLastHttpResponse', 'enableLastJsonResponse', 'enableLastResponseHeaders', 'enableRateLimit', 'encode', 'encodeUriComponent', 'encode_uri_component', 'exceptions', 'extend', 'extractParams', 'extract_params', 'fapiDataGetGlobalLongShortAccountRatio', 'fapiDataGetGloballongshortaccountratio', 'fapiDataGetOpenInterestHist', 'fapiDataGetOpeninteresthist', 'fapiDataGetTakerlongshortRatio', 'fapiDataGetTakerlongshortratio', 'fapiDataGetTopLongShortAccountRatio', 'fapiDataGetTopLongShortPositionRatio', 'fapiDataGetToplongshortaccountratio', 'fapiDataGetToplongshortpositionratio', 'fapiData_get_globallongshortaccountratio', 'fapiData_get_openinteresthist', 'fapiData_get_takerlongshortratio', 'fapiData_get_toplongshortaccountratio', 'fapiData_get_toplongshortpositionratio', 'fapiPrivateDeleteAllOpenOrders', 'fapiPrivateDeleteAllopenorders', 'fapiPrivateDeleteBatchOrders', 'fapiPrivateDeleteBatchorders', 'fapiPrivateDeleteListenKey', 'fapiPrivateDeleteListenkey', 'fapiPrivateDeleteOrder', 'fapiPrivateGetAccount', 'fapiPrivateGetAllForceOrders', 'fapiPrivateGetAllOrders', 'fapiPrivateGetAllforceorders', 'fapiPrivateGetAllorders', 'fapiPrivateGetBalance', 'fapiPrivateGetIncome', 'fapiPrivateGetLeverageBracket', 'fapiPrivateGetLeveragebracket', 'fapiPrivateGetOpenOrder', 'fapiPrivateGetOpenOrders', 'fapiPrivateGetOpenorder', 'fapiPrivateGetOpenorders', 'fapiPrivateGetOrder', 'fapiPrivateGetPositionMarginHistory', 'fapiPrivateGetPositionRisk', 'fapiPrivateGetPositionSideDual', 'fapiPrivateGetPositionmarginHistory', 'fapiPrivateGetPositionrisk', 'fapiPrivateGetPositionsideDual', 'fapiPrivateGetUserTrades', 'fapiPrivateGetUsertrades', 'fapiPrivatePostBatchOrders', 'fapiPrivatePostBatchorders', 'fapiPrivatePostCountdownCancelAll', 'fapiPrivatePostCountdowncancelall', 'fapiPrivatePostLeverage', 'fapiPrivatePostListenKey', 'fapiPrivatePostListenkey', 'fapiPrivatePostMarginType', 'fapiPrivatePostMargintype', 'fapiPrivatePostOrder', 'fapiPrivatePostPositionMargin', 'fapiPrivatePostPositionSideDual', 'fapiPrivatePostPositionmargin', 'fapiPrivatePostPositionsideDual', 'fapiPrivatePutListenKey', 'fapiPrivatePutListenkey', 'fapiPrivateV2GetAccount', 'fapiPrivateV2GetBalance', 'fapiPrivateV2GetPositionRisk', 'fapiPrivateV2GetPositionrisk', 'fapiPrivateV2_get_account', 'fapiPrivateV2_get_balance', 'fapiPrivateV2_get_positionrisk', 'fapiPrivate_delete_allopenorders', 'fapiPrivate_delete_batchorders', 'fapiPrivate_delete_listenkey', 'fapiPrivate_delete_order', 'fapiPrivate_get_account', 'fapiPrivate_get_allforceorders', 'fapiPrivate_get_allorders', 'fapiPrivate_get_balance', 'fapiPrivate_get_income', 'fapiPrivate_get_leveragebracket', 'fapiPrivate_get_openorder', 'fapiPrivate_get_openorders', 'fapiPrivate_get_order', 'fapiPrivate_get_positionmargin_history', 'fapiPrivate_get_positionrisk', 'fapiPrivate_get_positionside_dual', 'fapiPrivate_get_usertrades', 'fapiPrivate_post_batchorders', 'fapiPrivate_post_countdowncancelall', 'fapiPrivate_post_leverage', 'fapiPrivate_post_listenkey', 'fapiPrivate_post_margintype', 'fapiPrivate_post_order', 'fapiPrivate_post_positionmargin', 'fapiPrivate_post_positionside_dual', 'fapiPrivate_put_listenkey', 'fapiPublicGetAggTrades', 'fapiPublicGetAggtrades', 'fapiPublicGetAllForceOrders', 'fapiPublicGetAllforceorders', 'fapiPublicGetDepth', 'fapiPublicGetExchangeInfo', 'fapiPublicGetExchangeinfo', 'fapiPublicGetFundingRate', 'fapiPublicGetFundingrate', 'fapiPublicGetHistoricalTrades', 'fapiPublicGetHistoricaltrades', 'fapiPublicGetKlines', 'fapiPublicGetOpenInterest', 'fapiPublicGetOpeninterest', 'fapiPublicGetPing', 'fapiPublicGetPremiumIndex', 'fapiPublicGetPremiumindex', 'fapiPublicGetTicker24hr', 'fapiPublicGetTickerBookTicker', 'fapiPublicGetTickerBookticker', 'fapiPublicGetTickerPrice', 'fapiPublicGetTime', 'fapiPublicGetTrades', 'fapiPublic_get_aggtrades', 'fapiPublic_get_allforceorders', 'fapiPublic_get_depth', 'fapiPublic_get_exchangeinfo', 'fapiPublic_get_fundingrate', 'fapiPublic_get_historicaltrades', 'fapiPublic_get_klines', 'fapiPublic_get_openinterest', 'fapiPublic_get_ping', 'fapiPublic_get_premiumindex', 'fapiPublic_get_ticker_24hr', 'fapiPublic_get_ticker_bookticker', 'fapiPublic_get_ticker_price', 'fapiPublic_get_time', 'fapiPublic_get_trades', 'feeToPrecision', 'fee_to_precision', 'fees', 'fetch', 'fetch2', 'fetchBalance', 'fetchBidsAsks', 'fetchClosedOrders', 'fetchCurrencies', 'fetchDepositAddress', 'fetchDeposits', 'fetchFees', 'fetchFreeBalance', 'fetchFundingFee', 'fetchFundingFees', 'fetchL2OrderBook', 'fetchMarkets', 'fetchMyDustTrades', 'fetchMyTrades', 'fetchOHLCV', 'fetchOhlcvc', 'fetchOpenOrders', 'fetchOrder', 'fetchOrderBook', 'fetchOrderStatus', 'fetchOrderTrades', 'fetchOrders', 'fetchPartialBalance', 'fetchStatus', 'fetchTicker', 'fetchTickers', 'fetchTime', 'fetchTotalBalance', 'fetchTrades', 'fetchTradingFee', 'fetchTradingFees', 'fetchTransactions', 'fetchUnifiedOrder', 'fetchUsedBalance', 'fetchWithdrawals', 'fetch_balance', 'fetch_bids_asks', 'fetch_closed_orders', 'fetch_currencies', 'fetch_deposit_address', 'fetch_deposits', 'fetch_fees', 'fetch_free_balance', 'fetch_funding_fee', 'fetch_funding_fees', 'fetch_l2_order_book', 'fetch_markets', 'fetch_my_dust_trades', 'fetch_my_trades', 'fetch_ohlcv', 'fetch_ohlcvc', 'fetch_open_orders', 'fetch_order', 'fetch_order_book', 'fetch_order_status', 'fetch_order_trades', 'fetch_orders', 'fetch_partial_balance', 'fetch_status', 'fetch_ticker', 'fetch_tickers', 'fetch_time', 'fetch_total_balance', 'fetch_trades', 'fetch_trading_fee', 'fetch_trading_fees', 'fetch_transactions', 'fetch_unified_order', 'fetch_used_balance', 'fetch_withdrawals', 'filterBy', 'filterByArray', 'filterByCurrencySinceLimit', 'filterBySinceLimit', 'filterBySymbol', 'filterBySymbolSinceLimit', 'filterByValueSinceLimit', 'filter_by', 'filter_by_array', 'filter_by_currency_since_limit', 'filter_by_since_limit', 'filter_by_symbol', 'filter_by_symbol_since_limit', 'filter_by_value_since_limit', 'findBroadlyMatchedKey', 'find_broadly_matched_key', 'fromWei', 'from_wei', 'groupBy', 'group_by', 'gzipDeflate', 'gzip_deflate', 'handleErrors', 'handleRestErrors', 'handle_errors', 'handle_rest_errors', 'has', 'hasWeb3', 'has_web3', 'hash', 'hashMessage', 'headers', 'hmac', 'hostname', 'httpExceptions', 'id', 'ids', 'implodeParams', 'implode_params', 'inArray', 'in_array', 'indexBy', 'index_by', 'integerDivide', 'integerModulo', 'integerPow', 'integer_divide', 'integer_modulo', 'integer_pow', 'isEmpty', 'isJsonEncodedObject', 'isTextResponse', 'is_empty', 'is_json_encoded_object', 'is_text_response', 'iso8601', 'json', 'jwt', 'keyExists', 'key_exists', 'keysort', 'lastHttpResponse', 'lastJsonResponse', 'lastResponseHeaders', 'lastRestPollTimestamp', 'lastRestRequestTimestamp', 'last_http_response', 'last_json_response', 'last_response_headers', 'limits', 'loadAccounts', 'loadFees', 'loadMarkets', 'loadTimeDifference', 'loadTradingLimits', 'load_accounts', 'load_fees', 'load_markets', 'load_time_difference', 'load_trading_limits', 'loadedFees', 'loaded_fees', 'logger', 'market', 'marketId', 'marketIds', 'market_id', 'market_ids', 'markets', 'marketsById', 'markets_by_id', 'microseconds', 'milliseconds', 'minFundingAddressLength', 'msec', 'myTrades', 'name', 'nonce', 'numberToBE', 'numberToLE', 'numberToString', 'number_to_be', 'number_to_le', 'number_to_string', 'oath', 'ohlcvs', 'omit', 'options', 'orderbooks', 'ordered', 'orders', 'origin', 'paddingMode', 'parse8601', 'parseBalance', 'parseBidAsk', 'parseBidsAsks', 'parseDate', 'parseDustTrade', 'parseJson', 'parseJsonResponse', 'parseLedger', 'parseOHLCV', 'parseOhlcvs', 'parseOrder', 'parseOrderBook', 'parseOrderStatus', 'parseOrders', 'parseTicker', 'parseTickers', 'parseTimeframe', 'parseTrade', 'parseTrades', 'parseTradingFee', 'parseTradingViewOHLCV', 'parseTransaction', 'parseTransactionStatusByType', 'parseTransactions', 'parse_balance', 'parse_bid_ask', 'parse_bids_asks', 'parse_date', 'parse_dust_trade', 'parse_json', 'parse_ledger', 'parse_ohlcv', 'parse_ohlcvs', 'parse_order', 'parse_order_book', 'parse_order_status', 'parse_orders', 'parse_ticker', 'parse_tickers', 'parse_timeframe', 'parse_trade', 'parse_trades', 'parse_trading_fee', 'parse_trading_view_ohlcv', 'parse_transaction', 'parse_transaction_status_by_type', 'parse_transactions', 'password', 'pluck', 'precision', 'precisionFromString', 'precisionMode', 'precision_from_string', 'prepareRequestHeaders', 'prepare_request_headers', 'priceToPrecision', 'price_to_precision', 'print', 'privateDeleteOpenOrders', 'privateDeleteOpenorders', 'privateDeleteOrder', 'privateDeleteOrderList', 'privateDeleteOrderlist', 'privateGetAccount', 'privateGetAllOrderList', 'privateGetAllOrders', 'privateGetAllorderlist', 'privateGetAllorders', 'privateGetMyTrades', 'privateGetMytrades', 'privateGetOpenOrderList', 'privateGetOpenOrders', 'privateGetOpenorderlist', 'privateGetOpenorders', 'privateGetOrder', 'privateGetOrderList', 'privateGetOrderlist', 'privateKey', 'privateKeyToAddress', 'privatePostOrder', 'privatePostOrderOco', 'privatePostOrderTest', 'private_delete_openorders', 'private_delete_order', 'private_delete_orderlist', 'private_get_account', 'private_get_allorderlist', 'private_get_allorders', 'private_get_mytrades', 'private_get_openorderlist', 'private_get_openorders', 'private_get_order', 'private_get_orderlist', 'private_post_order', 'private_post_order_oco', 'private_post_order_test', 'pro', 'proxies', 'proxy', 'publicDeleteUserDataStream', 'publicDeleteUserdatastream', 'publicGetAggTrades', 'publicGetAggtrades', 'publicGetDepth', 'publicGetExchangeInfo', 'publicGetExchangeinfo', 'publicGetHistoricalTrades', 'publicGetHistoricaltrades', 'publicGetKlines', 'publicGetPing', 'publicGetTicker24hr', 'publicGetTickerBookTicker', 'publicGetTickerBookticker', 'publicGetTickerPrice', 'publicGetTime', 'publicGetTrades', 'publicPostUserDataStream', 'publicPostUserdatastream', 'publicPutUserDataStream', 'publicPutUserdatastream', 'public_delete_userdatastream', 'public_get_aggtrades', 'public_get_depth', 'public_get_exchangeinfo', 'public_get_historicaltrades', 'public_get_klines', 'public_get_ping', 'public_get_ticker_24hr', 'public_get_ticker_bookticker', 'public_get_ticker_price', 'public_get_time', 'public_get_trades', 'public_post_userdatastream', 'public_put_userdatastream', 'quoteCurrencies', 'quote_currencies', 'rateLimit', 'rateLimitMaxTokens', 'rateLimitTokens', 'rateLimitUpdateTime', 'rawencode', 'remove0xPrefix', 'remove0x_prefix', 'request', 'requiredCredentials', 'requiresEddsa', 'requiresWeb3', 'restPollerLoopIsRunning', 'restRequestQueue', 'rfc2616', 'roundTimeframe', 'round_timeframe', 'rsa', 'safeCurrency', 'safeCurrencyCode', 'safeEither', 'safeFloat', 'safeFloat2', 'safeInteger', 'safeInteger2', 'safeIntegerProduct', 'safeIntegerProduct2', 'safeMarket', 'safeString', 'safeString2', 'safeStringLower', 'safeStringLower2', 'safeStringUpper', 'safeStringUpper2', 'safeSymbol', 'safeTimestamp', 'safeTimestamp2', 'safeValue', 'safeValue2', 'safe_currency', 'safe_currency_code', 'safe_either', 'safe_float', 'safe_float_2', 'safe_integer', 'safe_integer_2', 'safe_integer_product', 'safe_integer_product_2', 'safe_market', 'safe_string', 'safe_string_2', 'safe_string_lower', 'safe_string_lower_2', 'safe_string_upper', 'safe_string_upper_2', 'safe_symbol', 'safe_timestamp', 'safe_timestamp_2', 'safe_value', 'safe_value_2', 'sapiDeleteMarginOrder', 'sapiDeleteUserDataStream', 'sapiDeleteUserDataStreamIsolated', 'sapiDeleteUserdatastream', 'sapiDeleteUserdatastreamIsolated', 'sapiGetAccountSnapshot', 'sapiGetAccountsnapshot', 'sapiGetAssetAssetDividend', 'sapiGetAssetAssetdividend', 'sapiGetCapitalConfigGetall', 'sapiGetCapitalDepositAddress', 'sapiGetCapitalDepositHisrec', 'sapiGetCapitalDepositSubAddress', 'sapiGetCapitalDepositSubHisrec', 'sapiGetCapitalDepositSubaddress', 'sapiGetCapitalDepositSubhisrec', 'sapiGetCapitalWithdrawHistory', 'sapiGetFuturesLoanAdjustCollateralHistory', 'sapiGetFuturesLoanAdjustcollateralHistory', 'sapiGetFuturesLoanBorrowHistory', 'sapiGetFuturesLoanCalcAdjustLevel', 'sapiGetFuturesLoanCalcMaxAdjustAmount', 'sapiGetFuturesLoanCalcadjustlevel', 'sapiGetFuturesLoanCalcmaxadjustamount', 'sapiGetFuturesLoanConfigs', 'sapiGetFuturesLoanLiquidationHistory', 'sapiGetFuturesLoanLiquidationhistory', 'sapiGetFuturesLoanRepayHistory', 'sapiGetFuturesLoanWallet', 'sapiGetFuturesTransfer', 'sapiGetLendingDailyProductList', 'sapiGetLendingDailyTokenPosition', 'sapiGetLendingDailyUserLeftQuota', 'sapiGetLendingDailyUserRedemptionQuota', 'sapiGetLendingDailyUserleftquota', 'sapiGetLendingDailyUserredemptionquota', 'sapiGetLendingProjectList', 'sapiGetLendingProjectPositionList', 'sapiGetLendingUnionAccount', 'sapiGetLendingUnionInterestHistory', 'sapiGetLendingUnionInteresthistory', 'sapiGetLendingUnionPurchaseRecord', 'sapiGetLendingUnionPurchaserecord', 'sapiGetLendingUnionRedemptionRecord', 'sapiGetLendingUnionRedemptionrecord', 'sapiGetMarginAccount', 'sapiGetMarginAllAssets', 'sapiGetMarginAllOrders', 'sapiGetMarginAllPairs', 'sapiGetMarginAllassets', 'sapiGetMarginAllorders', 'sapiGetMarginAllpairs', 'sapiGetMarginAsset', 'sapiGetMarginForceLiquidationRec', 'sapiGetMarginForceliquidationrec', 'sapiGetMarginInterestHistory', 'sapiGetMarginInteresthistory', 'sapiGetMarginIsolatedAccount', 'sapiGetMarginIsolatedAllPairs', 'sapiGetMarginIsolatedAllpairs', 'sapiGetMarginIsolatedPair', 'sapiGetMarginIsolatedTransfer', 'sapiGetMarginLoan', 'sapiGetMarginMaxBorrowable', 'sapiGetMarginMaxTransferable', 'sapiGetMarginMaxborrowable', 'sapiGetMarginMaxtransferable', 'sapiGetMarginMyTrades', 'sapiGetMarginMytrades', 'sapiGetMarginOpenOrders', 'sapiGetMarginOpenorders', 'sapiGetMarginOrder', 'sapiGetMarginPair', 'sapiGetMarginPriceIndex', 'sapiGetMarginPriceindex', 'sapiGetMarginRepay', 'sapiGetMarginTransfer', 'sapiGetMiningPaymentList', 'sapiGetMiningPubAlgoList', 'sapiGetMiningPubAlgolist', 'sapiGetMiningPubCoinList', 'sapiGetMiningPubCoinlist', 'sapiGetMiningStatisticsUserList', 'sapiGetMiningStatisticsUserStatus', 'sapiGetMiningWorkerDetail', 'sapiGetMiningWorkerList', 'sapiGetSubAccountFuturesAccount', 'sapiGetSubAccountFuturesAccountSummary', 'sapiGetSubAccountFuturesAccountsummary', 'sapiGetSubAccountFuturesInternalTransfer', 'sapiGetSubAccountFuturesInternaltransfer', 'sapiGetSubAccountFuturesPositionRisk', 'sapiGetSubAccountFuturesPositionrisk', 'sapiGetSubAccountMarginAccount', 'sapiGetSubAccountMarginAccountSummary', 'sapiGetSubAccountMarginAccountsummary', 'sapiGetSubAccountSpotSummary', 'sapiGetSubAccountSpotsummary', 'sapiGetSubAccountStatus', 'sapiGetSubAccountTransferSubUserHistory', 'sapiGetSubAccountTransferSubuserhistory', 'sapiPostAccountDisableFastWithdrawSwitch', 'sapiPostAccountDisablefastwithdrawswitch', 'sapiPostAccountEnableFastWithdrawSwitch', 'sapiPostAccountEnablefastwithdrawswitch', 'sapiPostAssetDust', 'sapiPostCapitalWithdrawApply', 'sapiPostFuturesLoanAdjustCollateral', 'sapiPostFuturesLoanAdjustcollateral', 'sapiPostFuturesLoanBorrow', 'sapiPostFuturesLoanRepay', 'sapiPostFuturesTransfer', 'sapiPostLendingCustomizedFixedPurchase', 'sapiPostLendingCustomizedfixedPurchase', 'sapiPostLendingDailyPurchase', 'sapiPostLendingDailyRedeem', 'sapiPostMarginIsolatedCreate', 'sapiPostMarginIsolatedTransfer', 'sapiPostMarginLoan', 'sapiPostMarginOrder', 'sapiPostMarginRepay', 'sapiPostMarginTransfer', 'sapiPostSubAccountFuturesEnable', 'sapiPostSubAccountFuturesInternalTransfer', 'sapiPostSubAccountFuturesInternaltransfer', 'sapiPostSubAccountFuturesTransfer', 'sapiPostSubAccountMarginEnable', 'sapiPostSubAccountMarginTransfer', 'sapiPostSubAccountTransferSubToMaster', 'sapiPostSubAccountTransferSubToSub', 'sapiPostSubAccountTransferSubtomaster', 'sapiPostSubAccountTransferSubtosub', 'sapiPostUserDataStream', 'sapiPostUserDataStreamIsolated', 'sapiPostUserdatastream', 'sapiPostUserdatastreamIsolated', 'sapiPutUserDataStream', 'sapiPutUserDataStreamIsolated', 'sapiPutUserdatastream', 'sapiPutUserdatastreamIsolated', 'sapi_delete_margin_order', 'sapi_delete_userdatastream', 'sapi_delete_userdatastream_isolated', 'sapi_get_accountsnapshot', 'sapi_get_asset_assetdividend', 'sapi_get_capital_config_getall', 'sapi_get_capital_deposit_address', 'sapi_get_capital_deposit_hisrec', 'sapi_get_capital_deposit_subaddress', 'sapi_get_capital_deposit_subhisrec', 'sapi_get_capital_withdraw_history', 'sapi_get_futures_loan_adjustcollateral_history', 'sapi_get_futures_loan_borrow_history', 'sapi_get_futures_loan_calcadjustlevel', 'sapi_get_futures_loan_calcmaxadjustamount', 'sapi_get_futures_loan_configs', 'sapi_get_futures_loan_liquidationhistory', 'sapi_get_futures_loan_repay_history', 'sapi_get_futures_loan_wallet', 'sapi_get_futures_transfer', 'sapi_get_lending_daily_product_list', 'sapi_get_lending_daily_token_position', 'sapi_get_lending_daily_userleftquota', 'sapi_get_lending_daily_userredemptionquota', 'sapi_get_lending_project_list', 'sapi_get_lending_project_position_list', 'sapi_get_lending_union_account', 'sapi_get_lending_union_interesthistory', 'sapi_get_lending_union_purchaserecord', 'sapi_get_lending_union_redemptionrecord', 'sapi_get_margin_account', 'sapi_get_margin_allassets', 'sapi_get_margin_allorders', 'sapi_get_margin_allpairs', 'sapi_get_margin_asset', 'sapi_get_margin_forceliquidationrec', 'sapi_get_margin_interesthistory', 'sapi_get_margin_isolated_account', 'sapi_get_margin_isolated_allpairs', 'sapi_get_margin_isolated_pair', 'sapi_get_margin_isolated_transfer', 'sapi_get_margin_loan', 'sapi_get_margin_maxborrowable', 'sapi_get_margin_maxtransferable', 'sapi_get_margin_mytrades', 'sapi_get_margin_openorders', 'sapi_get_margin_order', 'sapi_get_margin_pair', 'sapi_get_margin_priceindex', 'sapi_get_margin_repay', 'sapi_get_margin_transfer', 'sapi_get_mining_payment_list', 'sapi_get_mining_pub_algolist', 'sapi_get_mining_pub_coinlist', 'sapi_get_mining_statistics_user_list', 'sapi_get_mining_statistics_user_status', 'sapi_get_mining_worker_detail', 'sapi_get_mining_worker_list', 'sapi_get_sub_account_futures_account', 'sapi_get_sub_account_futures_accountsummary', 'sapi_get_sub_account_futures_internaltransfer', 'sapi_get_sub_account_futures_positionrisk', 'sapi_get_sub_account_margin_account', 'sapi_get_sub_account_margin_accountsummary', 'sapi_get_sub_account_spotsummary', 'sapi_get_sub_account_status', 'sapi_get_sub_account_transfer_subuserhistory', 'sapi_post_account_disablefastwithdrawswitch', 'sapi_post_account_enablefastwithdrawswitch', 'sapi_post_asset_dust', 'sapi_post_capital_withdraw_apply', 'sapi_post_futures_loan_adjustcollateral', 'sapi_post_futures_loan_borrow', 'sapi_post_futures_loan_repay', 'sapi_post_futures_transfer', 'sapi_post_lending_customizedfixed_purchase', 'sapi_post_lending_daily_purchase', 'sapi_post_lending_daily_redeem', 'sapi_post_margin_isolated_create', 'sapi_post_margin_isolated_transfer', 'sapi_post_margin_loan', 'sapi_post_margin_order', 'sapi_post_margin_repay', 'sapi_post_margin_transfer', 'sapi_post_sub_account_futures_enable', 'sapi_post_sub_account_futures_internaltransfer', 'sapi_post_sub_account_futures_transfer', 'sapi_post_sub_account_margin_enable', 'sapi_post_sub_account_margin_transfer', 'sapi_post_sub_account_transfer_subtomaster', 'sapi_post_sub_account_transfer_subtosub', 'sapi_post_userdatastream', 'sapi_post_userdatastream_isolated', 'sapi_put_userdatastream', 'sapi_put_userdatastream_isolated', 'sec', 'seconds', 'secret', 'session', 'setHeaders', 'setMarkets', 'setSandboxMode', 'set_headers', 'set_markets', 'set_sandbox_mode', 'sign', 'signHash', 'signMessage', 'signMessageString', 'sign_message_string', 'sleep', 'soliditySha3', 'solidityTypes', 'solidityValues', 'sortBy', 'sort_by', 'status', 'stringToBase64', 'string_to_base64', 'strip', 'substituteCommonCurrencyCodes', 'sum', 'symbols', 'throttle', 'throwBroadlyMatchedException', 'throwExactlyMatchedException', 'throw_broadly_matched_exception', 'throw_exactly_matched_exception', 'tickers', 'timeframes', 'timeout', 'toArray', 'toWei', 'to_array', 'to_wei', 'token', 'tokenBucket', 'totp', 'trades', 'transactions', 'truncate', 'truncateToString', 'truncate_to_string', 'twofa', 'uid', 'unique', 'unjson', 'urlencode', 'urlencodeWithArrayRepeat', 'urlencode_with_array_repeat', 'urls', 'usec', 'userAgent', 'userAgents', 'uuid', 'uuidv1', 'v3GetTickerBookTicker', 'v3GetTickerBookticker', 'v3GetTickerPrice', 'v3_get_ticker_bookticker', 'v3_get_ticker_price', 'verbose', 'verify', 'version', 'vwap', 'walletAddress', 'wapiGetAccountStatus', 'wapiGetAccountstatus', 'wapiGetApiTradingStatus', 'wapiGetApitradingstatus', 'wapiGetAssetDetail', 'wapiGetAssetdetail', 'wapiGetDepositAddress', 'wapiGetDepositHistory', 'wapiGetDepositaddress', 'wapiGetDeposithistory', 'wapiGetSubAccountAssets', 'wapiGetSubAccountList', 'wapiGetSubAccountTransferHistory', 'wapiGetSystemStatus', 'wapiGetSystemstatus', 'wapiGetTradeFee', 'wapiGetTradefee', 'wapiGetUserAssetDribbletLog', 'wapiGetUserassetdribbletlog', 'wapiGetWithdrawHistory', 'wapiGetWithdrawhistory', 'wapiPostSubAccountTransfer', 'wapiPostWithdraw', 'wapi_get_accountstatus', 'wapi_get_apitradingstatus', 'wapi_get_assetdetail', 'wapi_get_depositaddress', 'wapi_get_deposithistory', 'wapi_get_sub_account_assets', 'wapi_get_sub_account_list', 'wapi_get_sub_account_transfer_history', 'wapi_get_systemstatus', 'wapi_get_tradefee', 'wapi_get_userassetdribbletlog', 'wapi_get_withdrawhistory', 'wapi_post_sub_account_transfer', 'wapi_post_withdraw', 'web3', 'withdraw', 'ymd', 'ymdhms']['__class__', '__del__', '__delattr__', '__dict__', '__dir__', '__doc__', '__eq__', '__format__', '__ge__', '__getattribute__', '__gt__', '__hash__', '__init__', '__init_subclass__', '__le__', '__lt__', '__module__', '__ne__', '__new__', '__reduce__', '__reduce_ex__', '__repr__', '__setattr__', '__sizeof__', '__str__', '__subclasshook__', '__weakref__', 'account', 'accounts', 'aggregate', 'aiohttpProxy', 'aiohttpTrustEnv', 'aiohttp_proxy', 'aiohttp_trust_env', 'amountToPrecision', 'amount_to_precision', 'api', 'apiKey', 'arrayConcat', 'array_concat', 'asyncioLoop', 'asyncio_loop', 'balance', 'base16ToBinary', 'base16_to_binary', 'base58Alphabet', 'base58Decoder', 'base58Encoder', 'base58ToBinary', 'base58_alphabet', 'base58_decoder', 'base58_encoder', 'base58_to_binary', 'base64ToBinary', 'base64ToString', 'base64_to_binary', 'base64_to_string', 'base64urlencode', 'baseCurrencies', 'base_currencies', 'binaryConcat', 'binaryConcatArray', 'binaryToBase16', 'binaryToBase58', 'binaryToBase64', 'binary_concat', 'binary_concat_array', 'binary_to_base16', 'binary_to_base58', 'binary_to_base64', 'buildOhlcvc', 'build_ohlcvc', 'calculateFee', 'calculate_fee', 'cancelAllOrders', 'cancelOrder', 'cancelUnifiedOrder', 'cancel_all_orders', 'cancel_order', 'cancel_unified_order', 'capitalize', 'certified', 'checkAddress', 'checkRequiredCredentials', 'checkRequiredDependencies', 'check_address', 'check_required_credentials', 'check_required_dependencies', 'commonCurrencies', 'commonCurrencyCode', 'common_currency_code', 'convertOHLCVToTradingView', 'convertTradingViewToOHLCV', 'convert_ohlcv_to_trading_view', 'convert_trading_view_to_ohlcv', 'costToPrecision', 'cost_to_precision', 'countries', 'createLimitBuyOrder', 'createLimitOrder', 'createLimitSellOrder', 'createMarketBuyOrder', 'createMarketOrder', 'createMarketSellOrder', 'createOrder', 'create_limit_buy_order', 'create_limit_order', 'create_limit_sell_order', 'create_market_buy_order', 'create_market_order', 'create_market_sell_order', 'create_order', 'currencies', 'currenciesById', 'currencies_by_id', 'currency', 'currencyId', 'currencyToPrecision', 'currency_id', 'currency_to_precision', 'dapiDataGetBasis', 'dapiDataGetGlobalLongShortAccountRatio', 'dapiDataGetGloballongshortaccountratio', 'dapiDataGetOpenInterestHist', 'dapiDataGetOpeninteresthist', 'dapiDataGetTakerBuySellVol', 'dapiDataGetTakerbuysellvol', 'dapiDataGetTopLongShortAccountRatio', 'dapiDataGetTopLongShortPositionRatio', 'dapiDataGetToplongshortaccountratio', 'dapiDataGetToplongshortpositionratio', 'dapiData_get_basis', 'dapiData_get_globallongshortaccountratio', 'dapiData_get_openinteresthist', 'dapiData_get_takerbuysellvol', 'dapiData_get_toplongshortaccountratio', 'dapiData_get_toplongshortpositionratio', 'dapiPrivateDeleteAllOpenOrders', 'dapiPrivateDeleteAllopenorders', 'dapiPrivateDeleteBatchOrders', 'dapiPrivateDeleteBatchorders', 'dapiPrivateDeleteListenKey', 'dapiPrivateDeleteListenkey', 'dapiPrivateDeleteOrder', 'dapiPrivateGetAccount', 'dapiPrivateGetAdlQuantile', 'dapiPrivateGetAdlquantile', 'dapiPrivateGetAllOrders', 'dapiPrivateGetAllorders', 'dapiPrivateGetBalance', 'dapiPrivateGetForceOrders', 'dapiPrivateGetForceorders', 'dapiPrivateGetIncome', 'dapiPrivateGetLeverageBracket', 'dapiPrivateGetLeveragebracket', 'dapiPrivateGetOpenOrder', 'dapiPrivateGetOpenOrders', 'dapiPrivateGetOpenorder', 'dapiPrivateGetOpenorders', 'dapiPrivateGetOrder', 'dapiPrivateGetPositionMarginHistory', 'dapiPrivateGetPositionRisk', 'dapiPrivateGetPositionSideDual', 'dapiPrivateGetPositionmarginHistory', 'dapiPrivateGetPositionrisk', 'dapiPrivateGetPositionsideDual', 'dapiPrivateGetUserTrades', 'dapiPrivateGetUsertrades', 'dapiPrivatePostBatchOrders', 'dapiPrivatePostBatchorders', 'dapiPrivatePostCountdownCancelAll', 'dapiPrivatePostCountdowncancelall', 'dapiPrivatePostLeverage', 'dapiPrivatePostListenKey', 'dapiPrivatePostListenkey', 'dapiPrivatePostMarginType', 'dapiPrivatePostMargintype', 'dapiPrivatePostOrder', 'dapiPrivatePostPositionMargin', 'dapiPrivatePostPositionSideDual', 'dapiPrivatePostPositionmargin', 'dapiPrivatePostPositionsideDual', 'dapiPrivatePutListenKey', 'dapiPrivatePutListenkey', 'dapiPrivate_delete_allopenorders', 'dapiPrivate_delete_batchorders', 'dapiPrivate_delete_listenkey', 'dapiPrivate_delete_order', 'dapiPrivate_get_account', 'dapiPrivate_get_adlquantile', 'dapiPrivate_get_allorders', 'dapiPrivate_get_balance', 'dapiPrivate_get_forceorders', 'dapiPrivate_get_income', 'dapiPrivate_get_leveragebracket', 'dapiPrivate_get_openorder', 'dapiPrivate_get_openorders', 'dapiPrivate_get_order', 'dapiPrivate_get_positionmargin_history', 'dapiPrivate_get_positionrisk', 'dapiPrivate_get_positionside_dual', 'dapiPrivate_get_usertrades', 'dapiPrivate_post_batchorders', 'dapiPrivate_post_countdowncancelall', 'dapiPrivate_post_leverage', 'dapiPrivate_post_listenkey', 'dapiPrivate_post_margintype', 'dapiPrivate_post_order', 'dapiPrivate_post_positionmargin', 'dapiPrivate_post_positionside_dual', 'dapiPrivate_put_listenkey', 'dapiPublicGetAggTrades', 'dapiPublicGetAggtrades', 'dapiPublicGetAllForceOrders', 'dapiPublicGetAllforceorders', 'dapiPublicGetContinuousKlines', 'dapiPublicGetContinuousklines', 'dapiPublicGetDepth', 'dapiPublicGetExchangeInfo', 'dapiPublicGetExchangeinfo', 'dapiPublicGetFundingRate', 'dapiPublicGetFundingrate', 'dapiPublicGetHistoricalTrades', 'dapiPublicGetHistoricaltrades', 'dapiPublicGetIndexPriceKlines', 'dapiPublicGetIndexpriceklines', 'dapiPublicGetKlines', 'dapiPublicGetMarkPriceKlines', 'dapiPublicGetMarkpriceklines', 'dapiPublicGetOpenInterest', 'dapiPublicGetOpeninterest', 'dapiPublicGetPing', 'dapiPublicGetPremiumIndex', 'dapiPublicGetPremiumindex', 'dapiPublicGetTicker24hr', 'dapiPublicGetTickerBookTicker', 'dapiPublicGetTickerBookticker', 'dapiPublicGetTickerPrice', 'dapiPublicGetTime', 'dapiPublicGetTrades', 'dapiPublic_get_aggtrades', 'dapiPublic_get_allforceorders', 'dapiPublic_get_continuousklines', 'dapiPublic_get_depth', 'dapiPublic_get_exchangeinfo', 'dapiPublic_get_fundingrate', 'dapiPublic_get_historicaltrades', 'dapiPublic_get_indexpriceklines', 'dapiPublic_get_klines', 'dapiPublic_get_markpriceklines', 'dapiPublic_get_openinterest', 'dapiPublic_get_ping', 'dapiPublic_get_premiumindex', 'dapiPublic_get_ticker_24hr', 'dapiPublic_get_ticker_bookticker', 'dapiPublic_get_ticker_price', 'dapiPublic_get_time', 'dapiPublic_get_trades', 'decimalToBytes', 'decimalToPrecision', 'decimal_to_bytes', 'decimal_to_precision', 'decode', 'deepExtend', 'deep_extend', 'defineRestApi', 'define_rest_api', 'describe', 'dmy', 'ecdsa', 'eddsa', 'editLimitBuyOrder', 'editLimitOrder', 'editLimitSellOrder', 'editOrder', 'edit_limit_buy_order', 'edit_limit_order', 'edit_limit_sell_order', 'edit_order', 'enableLastHttpResponse', 'enableLastJsonResponse', 'enableLastResponseHeaders', 'enableRateLimit', 'encode', 'encodeUriComponent', 'encode_uri_component', 'exceptions', 'extend', 'extractParams', 'extract_params', 'fapiDataGetGlobalLongShortAccountRatio', 'fapiDataGetGloballongshortaccountratio', 'fapiDataGetOpenInterestHist', 'fapiDataGetOpeninteresthist', 'fapiDataGetTakerlongshortRatio', 'fapiDataGetTakerlongshortratio', 'fapiDataGetTopLongShortAccountRatio', 'fapiDataGetTopLongShortPositionRatio', 'fapiDataGetToplongshortaccountratio', 'fapiDataGetToplongshortpositionratio', 'fapiData_get_globallongshortaccountratio', 'fapiData_get_openinteresthist', 'fapiData_get_takerlongshortratio', 'fapiData_get_toplongshortaccountratio', 'fapiData_get_toplongshortpositionratio', 'fapiPrivateDeleteAllOpenOrders', 'fapiPrivateDeleteAllopenorders', 'fapiPrivateDeleteBatchOrders', 'fapiPrivateDeleteBatchorders', 'fapiPrivateDeleteListenKey', 'fapiPrivateDeleteListenkey', 'fapiPrivateDeleteOrder', 'fapiPrivateGetAccount', 'fapiPrivateGetAllForceOrders', 'fapiPrivateGetAllOrders', 'fapiPrivateGetAllforceorders', 'fapiPrivateGetAllorders', 'fapiPrivateGetBalance', 'fapiPrivateGetIncome', 'fapiPrivateGetLeverageBracket', 'fapiPrivateGetLeveragebracket', 'fapiPrivateGetOpenOrder', 'fapiPrivateGetOpenOrders', 'fapiPrivateGetOpenorder', 'fapiPrivateGetOpenorders', 'fapiPrivateGetOrder', 'fapiPrivateGetPositionMarginHistory', 'fapiPrivateGetPositionRisk', 'fapiPrivateGetPositionSideDual', 'fapiPrivateGetPositionmarginHistory', 'fapiPrivateGetPositionrisk', 'fapiPrivateGetPositionsideDual', 'fapiPrivateGetUserTrades', 'fapiPrivateGetUsertrades', 'fapiPrivatePostBatchOrders', 'fapiPrivatePostBatchorders', 'fapiPrivatePostCountdownCancelAll', 'fapiPrivatePostCountdowncancelall', 'fapiPrivatePostLeverage', 'fapiPrivatePostListenKey', 'fapiPrivatePostListenkey', 'fapiPrivatePostMarginType', 'fapiPrivatePostMargintype', 'fapiPrivatePostOrder', 'fapiPrivatePostPositionMargin', 'fapiPrivatePostPositionSideDual', 'fapiPrivatePostPositionmargin', 'fapiPrivatePostPositionsideDual', 'fapiPrivatePutListenKey', 'fapiPrivatePutListenkey', 'fapiPrivateV2GetAccount', 'fapiPrivateV2GetBalance', 'fapiPrivateV2GetPositionRisk', 'fapiPrivateV2GetPositionrisk', 'fapiPrivateV2_get_account', 'fapiPrivateV2_get_balance', 'fapiPrivateV2_get_positionrisk', 'fapiPrivate_delete_allopenorders', 'fapiPrivate_delete_batchorders', 'fapiPrivate_delete_listenkey', 'fapiPrivate_delete_order', 'fapiPrivate_get_account', 'fapiPrivate_get_allforceorders', 'fapiPrivate_get_allorders', 'fapiPrivate_get_balance', 'fapiPrivate_get_income', 'fapiPrivate_get_leveragebracket', 'fapiPrivate_get_openorder', 'fapiPrivate_get_openorders', 'fapiPrivate_get_order', 'fapiPrivate_get_positionmargin_history', 'fapiPrivate_get_positionrisk', 'fapiPrivate_get_positionside_dual', 'fapiPrivate_get_usertrades', 'fapiPrivate_post_batchorders', 'fapiPrivate_post_countdowncancelall', 'fapiPrivate_post_leverage', 'fapiPrivate_post_listenkey', 'fapiPrivate_post_margintype', 'fapiPrivate_post_order', 'fapiPrivate_post_positionmargin', 'fapiPrivate_post_positionside_dual', 'fapiPrivate_put_listenkey', 'fapiPublicGetAggTrades', 'fapiPublicGetAggtrades', 'fapiPublicGetAllForceOrders', 'fapiPublicGetAllforceorders', 'fapiPublicGetDepth', 'fapiPublicGetExchangeInfo', 'fapiPublicGetExchangeinfo', 'fapiPublicGetFundingRate', 'fapiPublicGetFundingrate', 'fapiPublicGetHistoricalTrades', 'fapiPublicGetHistoricaltrades', 'fapiPublicGetKlines', 'fapiPublicGetOpenInterest', 'fapiPublicGetOpeninterest', 'fapiPublicGetPing', 'fapiPublicGetPremiumIndex', 'fapiPublicGetPremiumindex', 'fapiPublicGetTicker24hr', 'fapiPublicGetTickerBookTicker', 'fapiPublicGetTickerBookticker', 'fapiPublicGetTickerPrice', 'fapiPublicGetTime', 'fapiPublicGetTrades', 'fapiPublic_get_aggtrades', 'fapiPublic_get_allforceorders', 'fapiPublic_get_depth', 'fapiPublic_get_exchangeinfo', 'fapiPublic_get_fundingrate', 'fapiPublic_get_historicaltrades', 'fapiPublic_get_klines', 'fapiPublic_get_openinterest', 'fapiPublic_get_ping', 'fapiPublic_get_premiumindex', 'fapiPublic_get_ticker_24hr', 'fapiPublic_get_ticker_bookticker', 'fapiPublic_get_ticker_price', 'fapiPublic_get_time', 'fapiPublic_get_trades', 'feeToPrecision', 'fee_to_precision', 'fees', 'fetch', 'fetch2', 'fetchBalance', 'fetchBidsAsks', 'fetchClosedOrders', 'fetchCurrencies', 'fetchDepositAddress', 'fetchDeposits', 'fetchFees', 'fetchFreeBalance', 'fetchFundingFee', 'fetchFundingFees', 'fetchL2OrderBook', 'fetchMarkets', 'fetchMyDustTrades', 'fetchMyTrades', 'fetchOHLCV', 'fetchOhlcvc', 'fetchOpenOrders', 'fetchOrder', 'fetchOrderBook', 'fetchOrderStatus', 'fetchOrderTrades', 'fetchOrders', 'fetchPartialBalance', 'fetchStatus', 'fetchTicker', 'fetchTickers', 'fetchTime', 'fetchTotalBalance', 'fetchTrades', 'fetchTradingFee', 'fetchTradingFees', 'fetchTransactions', 'fetchUnifiedOrder', 'fetchUsedBalance', 'fetchWithdrawals', 'fetch_balance', 'fetch_bids_asks', 'fetch_closed_orders', 'fetch_currencies', 'fetch_deposit_address', 'fetch_deposits', 'fetch_fees', 'fetch_free_balance', 'fetch_funding_fee', 'fetch_funding_fees', 'fetch_l2_order_book', 'fetch_markets', 'fetch_my_dust_trades', 'fetch_my_trades', 'fetch_ohlcv', 'fetch_ohlcvc', 'fetch_open_orders', 'fetch_order', 'fetch_order_book', 'fetch_order_status', 'fetch_order_trades', 'fetch_orders', 'fetch_partial_balance', 'fetch_status', 'fetch_ticker', 'fetch_tickers', 'fetch_time', 'fetch_total_balance', 'fetch_trades', 'fetch_trading_fee', 'fetch_trading_fees', 'fetch_transactions', 'fetch_unified_order', 'fetch_used_balance', 'fetch_withdrawals', 'filterBy', 'filterByArray', 'filterByCurrencySinceLimit', 'filterBySinceLimit', 'filterBySymbol', 'filterBySymbolSinceLimit', 'filterByValueSinceLimit', 'filter_by', 'filter_by_array', 'filter_by_currency_since_limit', 'filter_by_since_limit', 'filter_by_symbol', 'filter_by_symbol_since_limit', 'filter_by_value_since_limit', 'findBroadlyMatchedKey', 'find_broadly_matched_key', 'fromWei', 'from_wei', 'groupBy', 'group_by', 'gzipDeflate', 'gzip_deflate', 'handleErrors', 'handleRestErrors', 'handle_errors', 'handle_rest_errors', 'has', 'hasWeb3', 'has_web3', 'hash', 'hashMessage', 'headers', 'hmac', 'hostname', 'httpExceptions', 'id', 'ids', 'implodeParams', 'implode_params', 'inArray', 'in_array', 'indexBy', 'index_by', 'integerDivide', 'integerModulo', 'integerPow', 'integer_divide', 'integer_modulo', 'integer_pow', 'isEmpty', 'isJsonEncodedObject', 'isTextResponse', 'is_empty', 'is_json_encoded_object', 'is_text_response', 'iso8601', 'json', 'jwt', 'keyExists', 'key_exists', 'keysort', 'lastHttpResponse', 'lastJsonResponse', 'lastResponseHeaders', 'lastRestPollTimestamp', 'lastRestRequestTimestamp', 'last_http_response', 'last_json_response', 'last_response_headers', 'limits', 'loadAccounts', 'loadFees', 'loadMarkets', 'loadTimeDifference', 'loadTradingLimits', 'load_accounts', 'load_fees', 'load_markets', 'load_time_difference', 'load_trading_limits', 'loadedFees', 'loaded_fees', 'logger', 'market', 'marketId', 'marketIds', 'market_id', 'market_ids', 'markets', 'marketsById', 'markets_by_id', 'microseconds', 'milliseconds', 'minFundingAddressLength', 'msec', 'myTrades', 'name', 'nonce', 'numberToBE', 'numberToLE', 'numberToString', 'number_to_be', 'number_to_le', 'number_to_string', 'oath', 'ohlcvs', 'omit', 'options', 'orderbooks', 'ordered', 'orders', 'origin', 'paddingMode', 'parse8601', 'parseBalance', 'parseBidAsk', 'parseBidsAsks', 'parseDate', 'parseDustTrade', 'parseJson', 'parseJsonResponse', 'parseLedger', 'parseOHLCV', 'parseOhlcvs', 'parseOrder', 'parseOrderBook', 'parseOrderStatus', 'parseOrders', 'parseTicker', 'parseTickers', 'parseTimeframe', 'parseTrade', 'parseTrades', 'parseTradingFee', 'parseTradingViewOHLCV', 'parseTransaction', 'parseTransactionStatusByType', 'parseTransactions', 'parse_balance', 'parse_bid_ask', 'parse_bids_asks', 'parse_date', 'parse_dust_trade', 'parse_json', 'parse_ledger', 'parse_ohlcv', 'parse_ohlcvs', 'parse_order', 'parse_order_book', 'parse_order_status', 'parse_orders', 'parse_ticker', 'parse_tickers', 'parse_timeframe', 'parse_trade', 'parse_trades', 'parse_trading_fee', 'parse_trading_view_ohlcv', 'parse_transaction', 'parse_transaction_status_by_type', 'parse_transactions', 'password', 'pluck', 'precision', 'precisionFromString', 'precisionMode', 'precision_from_string', 'prepareRequestHeaders', 'prepare_request_headers', 'priceToPrecision', 'price_to_precision', 'print', 'privateDeleteOpenOrders', 'privateDeleteOpenorders', 'privateDeleteOrder', 'privateDeleteOrderList', 'privateDeleteOrderlist', 'privateGetAccount', 'privateGetAllOrderList', 'privateGetAllOrders', 'privateGetAllorderlist', 'privateGetAllorders', 'privateGetMyTrades', 'privateGetMytrades', 'privateGetOpenOrderList', 'privateGetOpenOrders', 'privateGetOpenorderlist', 'privateGetOpenorders', 'privateGetOrder', 'privateGetOrderList', 'privateGetOrderlist', 'privateKey', 'privateKeyToAddress', 'privatePostOrder', 'privatePostOrderOco', 'privatePostOrderTest', 'private_delete_openorders', 'private_delete_order', 'private_delete_orderlist', 'private_get_account', 'private_get_allorderlist', 'private_get_allorders', 'private_get_mytrades', 'private_get_openorderlist', 'private_get_openorders', 'private_get_order', 'private_get_orderlist', 'private_post_order', 'private_post_order_oco', 'private_post_order_test', 'pro', 'proxies', 'proxy', 'publicDeleteUserDataStream', 'publicDeleteUserdatastream', 'publicGetAggTrades', 'publicGetAggtrades', 'publicGetDepth', 'publicGetExchangeInfo', 'publicGetExchangeinfo', 'publicGetHistoricalTrades', 'publicGetHistoricaltrades', 'publicGetKlines', 'publicGetPing', 'publicGetTicker24hr', 'publicGetTickerBookTicker', 'publicGetTickerBookticker', 'publicGetTickerPrice', 'publicGetTime', 'publicGetTrades', 'publicPostUserDataStream', 'publicPostUserdatastream', 'publicPutUserDataStream', 'publicPutUserdatastream', 'public_delete_userdatastream', 'public_get_aggtrades', 'public_get_depth', 'public_get_exchangeinfo', 'public_get_historicaltrades', 'public_get_klines', 'public_get_ping', 'public_get_ticker_24hr', 'public_get_ticker_bookticker', 'public_get_ticker_price', 'public_get_time', 'public_get_trades', 'public_post_userdatastream', 'public_put_userdatastream', 'quoteCurrencies', 'quote_currencies', 'rateLimit', 'rateLimitMaxTokens', 'rateLimitTokens', 'rateLimitUpdateTime', 'rawencode', 'remove0xPrefix', 'remove0x_prefix', 'request', 'requiredCredentials', 'requiresEddsa', 'requiresWeb3', 'restPollerLoopIsRunning', 'restRequestQueue', 'rfc2616', 'roundTimeframe', 'round_timeframe', 'rsa', 'safeCurrency', 'safeCurrencyCode', 'safeEither', 'safeFloat', 'safeFloat2', 'safeInteger', 'safeInteger2', 'safeIntegerProduct', 'safeIntegerProduct2', 'safeMarket', 'safeString', 'safeString2', 'safeStringLower', 'safeStringLower2', 'safeStringUpper', 'safeStringUpper2', 'safeSymbol', 'safeTimestamp', 'safeTimestamp2', 'safeValue', 'safeValue2', 'safe_currency', 'safe_currency_code', 'safe_either', 'safe_float', 'safe_float_2', 'safe_integer', 'safe_integer_2', 'safe_integer_product', 'safe_integer_product_2', 'safe_market', 'safe_string', 'safe_string_2', 'safe_string_lower', 'safe_string_lower_2', 'safe_string_upper', 'safe_string_upper_2', 'safe_symbol', 'safe_timestamp', 'safe_timestamp_2', 'safe_value', 'safe_value_2', 'sapiDeleteMarginOrder', 'sapiDeleteUserDataStream', 'sapiDeleteUserDataStreamIsolated', 'sapiDeleteUserdatastream', 'sapiDeleteUserdatastreamIsolated', 'sapiGetAccountSnapshot', 'sapiGetAccountsnapshot', 'sapiGetAssetAssetDividend', 'sapiGetAssetAssetdividend', 'sapiGetCapitalConfigGetall', 'sapiGetCapitalDepositAddress', 'sapiGetCapitalDepositHisrec', 'sapiGetCapitalDepositSubAddress', 'sapiGetCapitalDepositSubHisrec', 'sapiGetCapitalDepositSubaddress', 'sapiGetCapitalDepositSubhisrec', 'sapiGetCapitalWithdrawHistory', 'sapiGetFuturesLoanAdjustCollateralHistory', 'sapiGetFuturesLoanAdjustcollateralHistory', 'sapiGetFuturesLoanBorrowHistory', 'sapiGetFuturesLoanCalcAdjustLevel', 'sapiGetFuturesLoanCalcMaxAdjustAmount', 'sapiGetFuturesLoanCalcadjustlevel', 'sapiGetFuturesLoanCalcmaxadjustamount', 'sapiGetFuturesLoanConfigs', 'sapiGetFuturesLoanLiquidationHistory', 'sapiGetFuturesLoanLiquidationhistory', 'sapiGetFuturesLoanRepayHistory', 'sapiGetFuturesLoanWallet', 'sapiGetFuturesTransfer', 'sapiGetLendingDailyProductList', 'sapiGetLendingDailyTokenPosition', 'sapiGetLendingDailyUserLeftQuota', 'sapiGetLendingDailyUserRedemptionQuota', 'sapiGetLendingDailyUserleftquota', 'sapiGetLendingDailyUserredemptionquota', 'sapiGetLendingProjectList', 'sapiGetLendingProjectPositionList', 'sapiGetLendingUnionAccount', 'sapiGetLendingUnionInterestHistory', 'sapiGetLendingUnionInteresthistory', 'sapiGetLendingUnionPurchaseRecord', 'sapiGetLendingUnionPurchaserecord', 'sapiGetLendingUnionRedemptionRecord', 'sapiGetLendingUnionRedemptionrecord', 'sapiGetMarginAccount', 'sapiGetMarginAllAssets', 'sapiGetMarginAllOrders', 'sapiGetMarginAllPairs', 'sapiGetMarginAllassets', 'sapiGetMarginAllorders', 'sapiGetMarginAllpairs', 'sapiGetMarginAsset', 'sapiGetMarginForceLiquidationRec', 'sapiGetMarginForceliquidationrec', 'sapiGetMarginInterestHistory', 'sapiGetMarginInteresthistory', 'sapiGetMarginIsolatedAccount', 'sapiGetMarginIsolatedAllPairs', 'sapiGetMarginIsolatedAllpairs', 'sapiGetMarginIsolatedPair', 'sapiGetMarginIsolatedTransfer', 'sapiGetMarginLoan', 'sapiGetMarginMaxBorrowable', 'sapiGetMarginMaxTransferable', 'sapiGetMarginMaxborrowable', 'sapiGetMarginMaxtransferable', 'sapiGetMarginMyTrades', 'sapiGetMarginMytrades', 'sapiGetMarginOpenOrders', 'sapiGetMarginOpenorders', 'sapiGetMarginOrder', 'sapiGetMarginPair', 'sapiGetMarginPriceIndex', 'sapiGetMarginPriceindex', 'sapiGetMarginRepay', 'sapiGetMarginTransfer', 'sapiGetMiningPaymentList', 'sapiGetMiningPubAlgoList', 'sapiGetMiningPubAlgolist', 'sapiGetMiningPubCoinList', 'sapiGetMiningPubCoinlist', 'sapiGetMiningStatisticsUserList', 'sapiGetMiningStatisticsUserStatus', 'sapiGetMiningWorkerDetail', 'sapiGetMiningWorkerList', 'sapiGetSubAccountFuturesAccount', 'sapiGetSubAccountFuturesAccountSummary', 'sapiGetSubAccountFuturesAccountsummary', 'sapiGetSubAccountFuturesInternalTransfer', 'sapiGetSubAccountFuturesInternaltransfer', 'sapiGetSubAccountFuturesPositionRisk', 'sapiGetSubAccountFuturesPositionrisk', 'sapiGetSubAccountMarginAccount', 'sapiGetSubAccountMarginAccountSummary', 'sapiGetSubAccountMarginAccountsummary', 'sapiGetSubAccountSpotSummary', 'sapiGetSubAccountSpotsummary', 'sapiGetSubAccountStatus', 'sapiGetSubAccountTransferSubUserHistory', 'sapiGetSubAccountTransferSubuserhistory', 'sapiPostAccountDisableFastWithdrawSwitch', 'sapiPostAccountDisablefastwithdrawswitch', 'sapiPostAccountEnableFastWithdrawSwitch', 'sapiPostAccountEnablefastwithdrawswitch', 'sapiPostAssetDust', 'sapiPostCapitalWithdrawApply', 'sapiPostFuturesLoanAdjustCollateral', 'sapiPostFuturesLoanAdjustcollateral', 'sapiPostFuturesLoanBorrow', 'sapiPostFuturesLoanRepay', 'sapiPostFuturesTransfer', 'sapiPostLendingCustomizedFixedPurchase', 'sapiPostLendingCustomizedfixedPurchase', 'sapiPostLendingDailyPurchase', 'sapiPostLendingDailyRedeem', 'sapiPostMarginIsolatedCreate', 'sapiPostMarginIsolatedTransfer', 'sapiPostMarginLoan', 'sapiPostMarginOrder', 'sapiPostMarginRepay', 'sapiPostMarginTransfer', 'sapiPostSubAccountFuturesEnable', 'sapiPostSubAccountFuturesInternalTransfer', 'sapiPostSubAccountFuturesInternaltransfer', 'sapiPostSubAccountFuturesTransfer', 'sapiPostSubAccountMarginEnable', 'sapiPostSubAccountMarginTransfer', 'sapiPostSubAccountTransferSubToMaster', 'sapiPostSubAccountTransferSubToSub', 'sapiPostSubAccountTransferSubtomaster', 'sapiPostSubAccountTransferSubtosub', 'sapiPostUserDataStream', 'sapiPostUserDataStreamIsolated', 'sapiPostUserdatastream', 'sapiPostUserdatastreamIsolated', 'sapiPutUserDataStream', 'sapiPutUserDataStreamIsolated', 'sapiPutUserdatastream', 'sapiPutUserdatastreamIsolated', 'sapi_delete_margin_order', 'sapi_delete_userdatastream', 'sapi_delete_userdatastream_isolated', 'sapi_get_accountsnapshot', 'sapi_get_asset_assetdividend', 'sapi_get_capital_config_getall', 'sapi_get_capital_deposit_address', 'sapi_get_capital_deposit_hisrec', 'sapi_get_capital_deposit_subaddress', 'sapi_get_capital_deposit_subhisrec', 'sapi_get_capital_withdraw_history', 'sapi_get_futures_loan_adjustcollateral_history', 'sapi_get_futures_loan_borrow_history', 'sapi_get_futures_loan_calcadjustlevel', 'sapi_get_futures_loan_calcmaxadjustamount', 'sapi_get_futures_loan_configs', 'sapi_get_futures_loan_liquidationhistory', 'sapi_get_futures_loan_repay_history', 'sapi_get_futures_loan_wallet', 'sapi_get_futures_transfer', 'sapi_get_lending_daily_product_list', 'sapi_get_lending_daily_token_position', 'sapi_get_lending_daily_userleftquota', 'sapi_get_lending_daily_userredemptionquota', 'sapi_get_lending_project_list', 'sapi_get_lending_project_position_list', 'sapi_get_lending_union_account', 'sapi_get_lending_union_interesthistory', 'sapi_get_lending_union_purchaserecord', 'sapi_get_lending_union_redemptionrecord', 'sapi_get_margin_account', 'sapi_get_margin_allassets', 'sapi_get_margin_allorders', 'sapi_get_margin_allpairs', 'sapi_get_margin_asset', 'sapi_get_margin_forceliquidationrec', 'sapi_get_margin_interesthistory', 'sapi_get_margin_isolated_account', 'sapi_get_margin_isolated_allpairs', 'sapi_get_margin_isolated_pair', 'sapi_get_margin_isolated_transfer', 'sapi_get_margin_loan', 'sapi_get_margin_maxborrowable', 'sapi_get_margin_maxtransferable', 'sapi_get_margin_mytrades', 'sapi_get_margin_openorders', 'sapi_get_margin_order', 'sapi_get_margin_pair', 'sapi_get_margin_priceindex', 'sapi_get_margin_repay', 'sapi_get_margin_transfer', 'sapi_get_mining_payment_list', 'sapi_get_mining_pub_algolist', 'sapi_get_mining_pub_coinlist', 'sapi_get_mining_statistics_user_list', 'sapi_get_mining_statistics_user_status', 'sapi_get_mining_worker_detail', 'sapi_get_mining_worker_list', 'sapi_get_sub_account_futures_account', 'sapi_get_sub_account_futures_accountsummary', 'sapi_get_sub_account_futures_internaltransfer', 'sapi_get_sub_account_futures_positionrisk', 'sapi_get_sub_account_margin_account', 'sapi_get_sub_account_margin_accountsummary', 'sapi_get_sub_account_spotsummary', 'sapi_get_sub_account_status', 'sapi_get_sub_account_transfer_subuserhistory', 'sapi_post_account_disablefastwithdrawswitch', 'sapi_post_account_enablefastwithdrawswitch', 'sapi_post_asset_dust', 'sapi_post_capital_withdraw_apply', 'sapi_post_futures_loan_adjustcollateral', 'sapi_post_futures_loan_borrow', 'sapi_post_futures_loan_repay', 'sapi_post_futures_transfer', 'sapi_post_lending_customizedfixed_purchase', 'sapi_post_lending_daily_purchase', 'sapi_post_lending_daily_redeem', 'sapi_post_margin_isolated_create', 'sapi_post_margin_isolated_transfer', 'sapi_post_margin_loan', 'sapi_post_margin_order', 'sapi_post_margin_repay', 'sapi_post_margin_transfer', 'sapi_post_sub_account_futures_enable', 'sapi_post_sub_account_futures_internaltransfer', 'sapi_post_sub_account_futures_transfer', 'sapi_post_sub_account_margin_enable', 'sapi_post_sub_account_margin_transfer', 'sapi_post_sub_account_transfer_subtomaster', 'sapi_post_sub_account_transfer_subtosub', 'sapi_post_userdatastream', 'sapi_post_userdatastream_isolated', 'sapi_put_userdatastream', 'sapi_put_userdatastream_isolated', 'sec', 'seconds', 'secret', 'session', 'setHeaders', 'setMarkets', 'setSandboxMode', 'set_headers', 'set_markets', 'set_sandbox_mode', 'sign', 'signHash', 'signMessage', 'signMessageString', 'sign_message_string', 'sleep', 'soliditySha3', 'solidityTypes', 'solidityValues', 'sortBy', 'sort_by', 'status', 'stringToBase64', 'string_to_base64', 'strip', 'substituteCommonCurrencyCodes', 'sum', 'symbols', 'throttle', 'throwBroadlyMatchedException', 'throwExactlyMatchedException', 'throw_broadly_matched_exception', 'throw_exactly_matched_exception', 'tickers', 'timeframes', 'timeout', 'toArray', 'toWei', 'to_array', 'to_wei', 'token', 'tokenBucket', 'totp', 'trades', 'transactions', 'truncate', 'truncateToString', 'truncate_to_string', 'twofa', 'uid', 'unique', 'unjson', 'urlencode', 'urlencodeWithArrayRepeat', 'urlencode_with_array_repeat', 'urls', 'usec', 'userAgent', 'userAgents', 'uuid', 'uuidv1', 'v3GetTickerBookTicker', 'v3GetTickerBookticker', 'v3GetTickerPrice', 'v3_get_ticker_bookticker', 'v3_get_ticker_price', 'verbose', 'verify', 'version', 'vwap', 'walletAddress', 'wapiGetAccountStatus', 'wapiGetAccountstatus', 'wapiGetApiTradingStatus', 'wapiGetApitradingstatus', 'wapiGetAssetDetail', 'wapiGetAssetdetail', 'wapiGetDepositAddress', 'wapiGetDepositHistory', 'wapiGetDepositaddress', 'wapiGetDeposithistory', 'wapiGetSubAccountAssets', 'wapiGetSubAccountList', 'wapiGetSubAccountTransferHistory', 'wapiGetSystemStatus', 'wapiGetSystemstatus', 'wapiGetTradeFee', 'wapiGetTradefee', 'wapiGetUserAssetDribbletLog', 'wapiGetUserassetdribbletlog', 'wapiGetWithdrawHistory', 'wapiGetWithdrawhistory', 'wapiPostSubAccountTransfer', 'wapiPostWithdraw', 'wapi_get_accountstatus', 'wapi_get_apitradingstatus', 'wapi_get_assetdetail', 'wapi_get_depositaddress', 'wapi_get_deposithistory', 'wapi_get_sub_account_assets', 'wapi_get_sub_account_list', 'wapi_get_sub_account_transfer_history', 'wapi_get_systemstatus', 'wapi_get_tradefee', 'wapi_get_userassetdribbletlog', 'wapi_get_withdrawhistory', 'wapi_post_sub_account_transfer', 'wapi_post_withdraw', 'web3', 'withdraw', 'ymd', 'ymdhms']Exception in thread Thread-1:
Traceback (most recent call last):
  File "/mnt/d/alimm-bot-newest/ccxt/base/exchange.py", line 588, in fetch
    response.raise_for_status()
  File "/usr/lib/python3/dist-packages/requests/models.py", line 940, in raise_for_status
    raise HTTPError(http_error_msg, response=self)
requests.exceptions.HTTPError: 502 Server Error: Bad Gateway for url: https://fapi.binance.com/fapi/v1/leverage

During handling of the above exception, another exception occurred:

Traceback (most recent call last):
  File "market_maker.py", line 938, in run_first
    client.fapiPrivatePostLeverage({'symbol': pair.replace('/USDT', 'USDT'), 'leverage': self.lev})
  File "/mnt/d/alimm-bot-newest/ccxt/base/exchange.py", line 465, in inner
    return entry(_self, **inner_kwargs)
  File "/mnt/d/alimm-bot-newest/ccxt/binance.py", line 2400, in request
    response = self.fetch2(path, api, method, params, headers, body)
  File "/mnt/d/alimm-bot-newest/ccxt/base/exchange.py", line 486, in fetch2
    return self.fetch(request['url'], request['method'], request['headers'], request['body'])
  File "/mnt/d/alimm-bot-newest/ccxt/base/exchange.py", line 601, in fetch
    self.handle_rest_errors(http_status_code, http_status_text, http_response, url, method)
  File "/mnt/d/alimm-bot-newest/ccxt/base/exchange.py", line 634, in handle_rest_errors
    raise error(' '.join([method, url, string_code, http_status_text, body]))
ccxt.base.errors.ExchangeNotAvailable: POST https://fapi.binance.com/fapi/v1/leverage 502 Bad Gateway <!DOCTYPE HTML PUBLIC "-//W3C//DTD HTML 4.01 Transitional//EN" "http://www.w3.org/TR/html4/loose.dtd">
<HTML><HEAD><META HTTP-EQUIV="Content-Type" CONTENT="text/html; charset=iso-8859-1">
<TITLE>ERROR: The request could not be satisfied</TITLE>
</HEAD><BODY>
<H1>502 ERROR</H1>
<H2>The request could not be satisfied.</H2>
<HR noshade size="1px">
The origin closed the connection.
We can't connect to the server for this app or website at this time. There might be too much traffic or a configuration error. Try again later, or contact the app or website owner.
<BR clear="all">
If you provide content to customers through CloudFront, you can find steps to troubleshoot and help prevent this error by reviewing the CloudFront documentation.
<BR clear="all">
<HR noshade size="1px">
<PRE>
Generated by cloudfront (CloudFront)
Request ID: XhJG_SGEjw8da2581MTSCtW0TP15c48oJexg3hVyAdeaz7Z-HncnmA==
</PRE>
<ADDRESS>
</ADDRESS>
</BODY></HTML>

During handling of the above exception, another exception occurred:

Traceback (most recent call last):
  File "/usr/lib/python3.8/threading.py", line 932, in _bootstrap_inner
    self.run()
  File "/usr/lib/python3.8/threading.py", line 870, in run
    self._target(*self._args, **self._kwargs)
  File "market_maker.py", line 945, in run_first
    self.creates[fut] = True
AttributeError: 'MarketMaker' object has no attribute 'creates'
50.5
placekey: 7hMrKo1CbbhS58I85uaZtfz2cKUFbDIXlZEIGzCqXEMu7V8QcqjYBonrU93GfH1U
[{"symbol": "XLMUSDT","type": "Limit","side": "buy","quantity": 6.178278833374354,"price": 0.08126,"newClientOrderId": "x-v0tiKJjj-eeruuhdavlltxhjhfceg"},{"symbol": "ADAUSDT","type": "Limit","side": "sell","quantity": 4.658503646654913,"price": 0.10777,"newClientOrderId": "x-v0tiKJjj-ezlosvvutvfznlvcoztt"},{"symbol": "DASHUSDT","type": "Limit","side": "sell","quantity": 0.007156763193157519,"price": 70.15,"newClientOrderId": "x-v0tiKJjj-fuvwotqladvlidwzdrtp"},{"symbol": "ZECUSDT","type": "Limit","side": "sell","quantity": 0.008279138159630607,"price": 60.64,"newClientOrderId": "x-v0tiKJjj-jhqvucwcxqnjhisoitms"},{"symbol": "ATOMUSDT","type": "Limit","side": "sell","quantity": 0.0962513301380368,"price": 5.216,"newClientOrderId": "x-v0tiKJjj-zyxudfdhxrhdxjyexjwc"}]
[{"symbol": "XLMUSDT","type": "Limit","side": "buy","quantity": 6.178278833374354,"price": 0.08126,"newClientOrderId": "x-v0tiKJjj-eeruuhdavlltxhjhfceg"},{"symbol": "ADAUSDT","type": "Limit","side": "sell","quantity": 4.658503646654913,"price": 0.10777,"newClientOrderId": "x-v0tiKJjj-ezlosvvutvfznlvcoztt"},{"symbol": "DASHUSDT","type": "Limit","side": "sell","quantity": 0.007156763193157519,"price": 70.15,"newClientOrderId": "x-v0tiKJjj-fuvwotqladvlidwzdrtp"},{"symbol": "ZECUSDT","type": "Limit","side": "sell","quantity": 0.008279138159630607,"price": 60.64,"newClientOrderId": "x-v0tiKJjj-jhqvucwcxqnjhisoitms"},{"symbol": "ATOMUSDT","type": "Limit","side": "sell","quantity": 0.0962513301380368,"price": 5.216,"newClientOrderId": "x-v0tiKJjj-zyxudfdhxrhdxjyexjwc"}]
[{"symbol": "XLMUSDT","type": "Limit","side": "buy","quantity": 6.178278833374354,"price": 0.08126,"newClientOrderId": "x-v0tiKJjj-eeruuhdavlltxhjhfceg"},{"symbol": "ADAUSDT","type": "Limit","side": "sell","quantity": 4.658503646654913,"price": 0.10777,"newClientOrderId": "x-v0tiKJjj-ezlosvvutvfznlvcoztt"},{"symbol": "DASHUSDT","type": "Limit","side": "sell","quantity": 0.007156763193157519,"price": 70.15,"newClientOrderId": "x-v0tiKJjj-fuvwotqladvlidwzdrtp"},{"symbol": "ZECUSDT","type": "Limit","side": "sell","quantity": 0.008279138159630607,"price": 60.64,"newClientOrderId": "x-v0tiKJjj-jhqvucwcxqnjhisoitms"},{"symbol": "ATOMUSDT","type": "Limit","side": "sell","quantity": 0.0962513301380368,"price": 5.216,"newClientOrderId": "x-v0tiKJjj-zyxudfdhxrhdxjyexjwc"}]
[{"symbol": "XLMUSDT","type": "Limit","side": "buy","quantity": 6.178278833374354,"price": 0.08126,"newClientOrderId": "x-v0tiKJjj-eeruuhdavlltxhjhfceg"},{"symbol": "ADAUSDT","type": "Limit","side": "sell","quantity": 4.658503646654913,"price": 0.10777,"newClientOrderId": "x-v0tiKJjj-ezlosvvutvfznlvcoztt"},{"symbol": "DASHUSDT","type": "Limit","side": "sell","quantity": 0.007156763193157519,"price": 70.15,"newClientOrderId": "x-v0tiKJjj-fuvwotqladvlidwzdrtp"},{"symbol": "ZECUSDT","type": "Limit","side": "sell","quantity": 0.008279138159630607,"price": 60.64,"newClientOrderId": "x-v0tiKJjj-jhqvucwcxqnjhisoitms"},{"symbol": "ATOMUSDT","type": "Limit","side": "sell","quantity": 0.0962513301380368,"price": 5.216,"newClientOrderId": "x-v0tiKJjj-zyxudfdhxrhdxjyexjwc"}]
[{"symbol": "XLMUSDT","type": "Limit","side": "buy","quantity": 6.178278833374354,"price": 0.08126,"newClientOrderId": "x-v0tiKJjj-eeruuhdavlltxhjhfceg"},{"symbol": "ADAUSDT","type": "Limit","side": "sell","quantity": 4.658503646654913,"price": 0.10777,"newClientOrderId": "x-v0tiKJjj-ezlosvvutvfznlvcoztt"},{"symbol": "DASHUSDT","type": "Limit","side": "sell","quantity": 0.007156763193157519,"price": 70.15,"newClientOrderId": "x-v0tiKJjj-fuvwotqladvlidwzdrtp"},{"symbol": "ZECUSDT","type": "Limit","side": "sell","quantity": 0.008279138159630607,"price": 60.64,"newClientOrderId": "x-v0tiKJjj-jhqvucwcxqnjhisoitms"},{"symbol": "ATOMUSDT","type": "Limit","side": "sell","quantity": 0.0962513301380368,"price": 5.216,"newClientOrderId": "x-v0tiKJjj-zyxudfdhxrhdxjyexjwc"}]
[{"symbol": "XLMUSDT","type": "Limit","side": "buy","quantity": 6.178278833374354,"price": 0.08126,"newClientOrderId": "x-v0tiKJjj-eeruuhdavlltxhjhfceg"},{"symbol": "ADAUSDT","type": "Limit","side": "sell","quantity": 4.658503646654913,"price": 0.10777,"newClientOrderId": "x-v0tiKJjj-ezlosvvutvfznlvcoztt"},{"symbol": "DASHUSDT","type": "Limit","side": "sell","quantity": 0.007156763193157519,"price": 70.15,"newClientOrderId": "x-v0tiKJjj-fuvwotqladvlidwzdrtp"},{"symbol": "ZECUSDT","type": "Limit","side": "sell","quantity": 0.008279138159630607,"price": 60.64,"newClientOrderId": "x-v0tiKJjj-jhqvucwcxqnjhisoitms"},{"symbol": "ATOMUSDT","type": "Limit","side": "sell","quantity": 0.0962513301380368,"price": 5.216,"newClientOrderId": "x-v0tiKJjj-zyxudfdhxrhdxjyexjwc"}]
[{"symbol": "XLMUSDT","type": "Limit","side": "buy","quantity": 6.178278833374354,"price": 0.08126,"newClientOrderId": "x-v0tiKJjj-eeruuhdavlltxhjhfceg"},{"symbol": "ADAUSDT","type": "Limit","side": "sell","quantity": 4.658503646654913,"price": 0.10777,"newClientOrderId": "x-v0tiKJjj-ezlosvvutvfznlvcoztt"},{"symbol": "DASHUSDT","type": "Limit","side": "sell","quantity": 0.007156763193157519,"price": 70.15,"newClientOrderId": "x-v0tiKJjj-fuvwotqladvlidwzdrtp"},{"symbol": "ZECUSDT","type": "Limit","side": "sell","quantity": 0.008279138159630607,"price": 60.64,"newClientOrderId": "x-v0tiKJjj-jhqvucwcxqnjhisoitms"},{"symbol": "ATOMUSDT","type": "Limit","side": "sell","quantity": 0.0962513301380368,"price": 5.216,"newClientOrderId": "x-v0tiKJjj-zyxudfdhxrhdxjyexjwc"}]
[{"symbol": "XLMUSDT","type": "Limit","side": "buy","quantity": 6.178278833374354,"price": 0.08126,"newClientOrderId": "x-v0tiKJjj-eeruuhdavlltxhjhfceg"},{"symbol": "ADAUSDT","type": "Limit","side": "sell","quantity": 4.658503646654913,"price": 0.10777,"newClientOrderId": "x-v0tiKJjj-ezlosvvutvfznlvcoztt"},{"symbol": "DASHUSDT","type": "Limit","side": "sell","quantity": 0.007156763193157519,"price": 70.15,"newClientOrderId": "x-v0tiKJjj-fuvwotqladvlidwzdrtp"},{"symbol": "ZECUSDT","type": "Limit","side": "sell","quantity": 0.008279138159630607,"price": 60.64,"newClientOrderId": "x-v0tiKJjj-jhqvucwcxqnjhisoitms"},{"symbol": "ATOMUSDT","type": "Limit","side": "sell","quantity": 0.0962513301380368,"price": 5.216,"newClientOrderId": "x-v0tiKJjj-zyxudfdhxrhdxjyexjwc"}]
[{"symbol": "XLMUSDT","type": "Limit","side": "buy","quantity": 6.178278833374354,"price": 0.08126,"newClientOrderId": "x-v0tiKJjj-eeruuhdavlltxhjhfceg"},{"symbol": "ADAUSDT","type": "Limit","side": "sell","quantity": 4.658503646654913,"price": 0.10777,"newClientOrderId": "x-v0tiKJjj-ezlosvvutvfznlvcoztt"},{"symbol": "DASHUSDT","type": "Limit","side": "sell","quantity": 0.007156763193157519,"price": 70.15,"newClientOrderId": "x-v0tiKJjj-fuvwotqladvlidwzdrtp"},{"symbol": "ZECUSDT","type": "Limit","side": "sell","quantity": 0.008279138159630607,"price": 60.64,"newClientOrderId": "x-v0tiKJjj-jhqvucwcxqnjhisoitms"},{"symbol": "ATOMUSDT","type": "Limit","side": "sell","quantity": 0.0962513301380368,"price": 5.216,"newClientOrderId": "x-v0tiKJjj-zyxudfdhxrhdxjyexjwc"}]
connection lost... [Failure instance: Traceback (failure with no frames): <class 'twisted.internet.error.ConnectionAborted'>: Connection was aborted locally, using.
]
[{"symbol": "XLMUSDT","type": "Limit","side": "buy","quantity": 6.178278833374354,"price": 0.08126,"newClientOrderId": "x-v0tiKJjj-eeruuhdavlltxhjhfceg"},{"symbol": "ADAUSDT","type": "Limit","side": "sell","quantity": 4.658503646654913,"price": 0.10777,"newClientOrderId": "x-v0tiKJjj-ezlosvvutvfznlvcoztt"},{"symbol": "DASHUSDT","type": "Limit","side": "sell","quantity": 0.007156763193157519,"price": 70.15,"newClientOrderId": "x-v0tiKJjj-fuvwotqladvlidwzdrtp"},{"symbol": "ZECUSDT","type": "Limit","side": "sell","quantity": 0.008279138159630607,"price": 60.64,"newClientOrderId": "x-v0tiKJjj-jhqvucwcxqnjhisoitms"},{"symbol": "ATOMUSDT","type": "Limit","side": "sell","quantity": 0.0962513301380368,"price": 5.216,"newClientOrderId": "x-v0tiKJjj-zyxudfdhxrhdxjyexjwc"}]
[{"symbol": "XLMUSDT","type": "Limit","side": "buy","quantity": 6.178278833374354,"price": 0.08126,"newClientOrderId": "x-v0tiKJjj-eeruuhdavlltxhjhfceg"},{"symbol": "ADAUSDT","type": "Limit","side": "sell","quantity": 4.658503646654913,"price": 0.10777,"newClientOrderId": "x-v0tiKJjj-ezlosvvutvfznlvcoztt"},{"symbol": "DASHUSDT","type": "Limit","side": "sell","quantity": 0.007156763193157519,"price": 70.15,"newClientOrderId": "x-v0tiKJjj-fuvwotqladvlidwzdrtp"},{"symbol": "ZECUSDT","type": "Limit","side": "sell","quantity": 0.008279138159630607,"price": 60.64,"newClientOrderId": "x-v0tiKJjj-jhqvucwcxqnjhisoitms"},{"symbol": "ATOMUSDT","type": "Limit","side": "sell","quantity": 0.0962513301380368,"price": 5.216,"newClientOrderId": "x-v0tiKJjj-zyxudfdhxrhdxjyexjwc"}]